Archive member included to satisfy reference by file (symbol)

d:/programs/stm/setup/stm32cubeide_1.10.1/stm32cubeide/plugins/com.st.stm32cube.ide.mcu.externaltools.gnu-tools-for-stm32.10.3-2021.10.win32_1.0.0.202111181127/tools/bin/../lib/gcc/arm-none-eabi/10.3.1/../../../../arm-none-eabi/lib/thumb/v7-m/nofp\libc_nano.a(lib_a-errno.o)
                              ./Src/syscalls.o (__errno)
d:/programs/stm/setup/stm32cubeide_1.10.1/stm32cubeide/plugins/com.st.stm32cube.ide.mcu.externaltools.gnu-tools-for-stm32.10.3-2021.10.win32_1.0.0.202111181127/tools/bin/../lib/gcc/arm-none-eabi/10.3.1/../../../../arm-none-eabi/lib/thumb/v7-m/nofp\libc_nano.a(lib_a-exit.o)
                              d:/programs/stm/setup/stm32cubeide_1.10.1/stm32cubeide/plugins/com.st.stm32cube.ide.mcu.externaltools.gnu-tools-for-stm32.10.3-2021.10.win32_1.0.0.202111181127/tools/bin/../lib/gcc/arm-none-eabi/10.3.1/../../../../arm-none-eabi/lib/thumb/v7-m/nofp/crt0.o (exit)
d:/programs/stm/setup/stm32cubeide_1.10.1/stm32cubeide/plugins/com.st.stm32cube.ide.mcu.externaltools.gnu-tools-for-stm32.10.3-2021.10.win32_1.0.0.202111181127/tools/bin/../lib/gcc/arm-none-eabi/10.3.1/../../../../arm-none-eabi/lib/thumb/v7-m/nofp\libc_nano.a(lib_a-impure.o)
                              d:/programs/stm/setup/stm32cubeide_1.10.1/stm32cubeide/plugins/com.st.stm32cube.ide.mcu.externaltools.gnu-tools-for-stm32.10.3-2021.10.win32_1.0.0.202111181127/tools/bin/../lib/gcc/arm-none-eabi/10.3.1/../../../../arm-none-eabi/lib/thumb/v7-m/nofp\libc_nano.a(lib_a-exit.o) (_global_impure_ptr)
d:/programs/stm/setup/stm32cubeide_1.10.1/stm32cubeide/plugins/com.st.stm32cube.ide.mcu.externaltools.gnu-tools-for-stm32.10.3-2021.10.win32_1.0.0.202111181127/tools/bin/../lib/gcc/arm-none-eabi/10.3.1/../../../../arm-none-eabi/lib/thumb/v7-m/nofp\libc_nano.a(lib_a-init.o)
                              d:/programs/stm/setup/stm32cubeide_1.10.1/stm32cubeide/plugins/com.st.stm32cube.ide.mcu.externaltools.gnu-tools-for-stm32.10.3-2021.10.win32_1.0.0.202111181127/tools/bin/../lib/gcc/arm-none-eabi/10.3.1/../../../../arm-none-eabi/lib/thumb/v7-m/nofp/crt0.o (__libc_init_array)
d:/programs/stm/setup/stm32cubeide_1.10.1/stm32cubeide/plugins/com.st.stm32cube.ide.mcu.externaltools.gnu-tools-for-stm32.10.3-2021.10.win32_1.0.0.202111181127/tools/bin/../lib/gcc/arm-none-eabi/10.3.1/../../../../arm-none-eabi/lib/thumb/v7-m/nofp\libc_nano.a(lib_a-memset.o)
                              d:/programs/stm/setup/stm32cubeide_1.10.1/stm32cubeide/plugins/com.st.stm32cube.ide.mcu.externaltools.gnu-tools-for-stm32.10.3-2021.10.win32_1.0.0.202111181127/tools/bin/../lib/gcc/arm-none-eabi/10.3.1/../../../../arm-none-eabi/lib/thumb/v7-m/nofp/crt0.o (memset)
d:/programs/stm/setup/stm32cubeide_1.10.1/stm32cubeide/plugins/com.st.stm32cube.ide.mcu.externaltools.gnu-tools-for-stm32.10.3-2021.10.win32_1.0.0.202111181127/tools/bin/../lib/gcc/arm-none-eabi/10.3.1/thumb/v7-m/nofp\libgcc.a(_arm_muldf3.o)
                              ./Src/MPU6050_program.o (__aeabi_dmul)
d:/programs/stm/setup/stm32cubeide_1.10.1/stm32cubeide/plugins/com.st.stm32cube.ide.mcu.externaltools.gnu-tools-for-stm32.10.3-2021.10.win32_1.0.0.202111181127/tools/bin/../lib/gcc/arm-none-eabi/10.3.1/thumb/v7-m/nofp\libgcc.a(_arm_addsubdf3.o)
                              ./Src/MPU6050_program.o (__aeabi_dsub)
d:/programs/stm/setup/stm32cubeide_1.10.1/stm32cubeide/plugins/com.st.stm32cube.ide.mcu.externaltools.gnu-tools-for-stm32.10.3-2021.10.win32_1.0.0.202111181127/tools/bin/../lib/gcc/arm-none-eabi/10.3.1/thumb/v7-m/nofp\libgcc.a(_arm_muldivdf3.o)
                              ./Src/MPU6050_program.o (__aeabi_ddiv)
d:/programs/stm/setup/stm32cubeide_1.10.1/stm32cubeide/plugins/com.st.stm32cube.ide.mcu.externaltools.gnu-tools-for-stm32.10.3-2021.10.win32_1.0.0.202111181127/tools/bin/../lib/gcc/arm-none-eabi/10.3.1/thumb/v7-m/nofp\libgcc.a(_arm_cmpdf2.o)
                              ./Src/MPU6050_program.o (__aeabi_dcmpge)

Discarded input sections

 .text          0x0000000000000000        0x0 d:/programs/stm/setup/stm32cubeide_1.10.1/stm32cubeide/plugins/com.st.stm32cube.ide.mcu.externaltools.gnu-tools-for-stm32.10.3-2021.10.win32_1.0.0.202111181127/tools/bin/../lib/gcc/arm-none-eabi/10.3.1/thumb/v7-m/nofp/crti.o
 .data          0x0000000000000000        0x0 d:/programs/stm/setup/stm32cubeide_1.10.1/stm32cubeide/plugins/com.st.stm32cube.ide.mcu.externaltools.gnu-tools-for-stm32.10.3-2021.10.win32_1.0.0.202111181127/tools/bin/../lib/gcc/arm-none-eabi/10.3.1/thumb/v7-m/nofp/crti.o
 .bss           0x0000000000000000        0x0 d:/programs/stm/setup/stm32cubeide_1.10.1/stm32cubeide/plugins/com.st.stm32cube.ide.mcu.externaltools.gnu-tools-for-stm32.10.3-2021.10.win32_1.0.0.202111181127/tools/bin/../lib/gcc/arm-none-eabi/10.3.1/thumb/v7-m/nofp/crti.o
 .data          0x0000000000000000        0x4 d:/programs/stm/setup/stm32cubeide_1.10.1/stm32cubeide/plugins/com.st.stm32cube.ide.mcu.externaltools.gnu-tools-for-stm32.10.3-2021.10.win32_1.0.0.202111181127/tools/bin/../lib/gcc/arm-none-eabi/10.3.1/thumb/v7-m/nofp/crtbegin.o
 .rodata        0x0000000000000000       0x24 d:/programs/stm/setup/stm32cubeide_1.10.1/stm32cubeide/plugins/com.st.stm32cube.ide.mcu.externaltools.gnu-tools-for-stm32.10.3-2021.10.win32_1.0.0.202111181127/tools/bin/../lib/gcc/arm-none-eabi/10.3.1/thumb/v7-m/nofp/crtbegin.o
 .text          0x0000000000000000       0x7c d:/programs/stm/setup/stm32cubeide_1.10.1/stm32cubeide/plugins/com.st.stm32cube.ide.mcu.externaltools.gnu-tools-for-stm32.10.3-2021.10.win32_1.0.0.202111181127/tools/bin/../lib/gcc/arm-none-eabi/10.3.1/../../../../arm-none-eabi/lib/thumb/v7-m/nofp/crt0.o
 .data          0x0000000000000000        0x0 d:/programs/stm/setup/stm32cubeide_1.10.1/stm32cubeide/plugins/com.st.stm32cube.ide.mcu.externaltools.gnu-tools-for-stm32.10.3-2021.10.win32_1.0.0.202111181127/tools/bin/../lib/gcc/arm-none-eabi/10.3.1/../../../../arm-none-eabi/lib/thumb/v7-m/nofp/crt0.o
 .bss           0x0000000000000000        0x0 d:/programs/stm/setup/stm32cubeide_1.10.1/stm32cubeide/plugins/com.st.stm32cube.ide.mcu.externaltools.gnu-tools-for-stm32.10.3-2021.10.win32_1.0.0.202111181127/tools/bin/../lib/gcc/arm-none-eabi/10.3.1/../../../../arm-none-eabi/lib/thumb/v7-m/nofp/crt0.o
 .ARM.extab     0x0000000000000000        0x0 d:/programs/stm/setup/stm32cubeide_1.10.1/stm32cubeide/plugins/com.st.stm32cube.ide.mcu.externaltools.gnu-tools-for-stm32.10.3-2021.10.win32_1.0.0.202111181127/tools/bin/../lib/gcc/arm-none-eabi/10.3.1/../../../../arm-none-eabi/lib/thumb/v7-m/nofp/crt0.o
 .ARM.exidx     0x0000000000000000       0x10 d:/programs/stm/setup/stm32cubeide_1.10.1/stm32cubeide/plugins/com.st.stm32cube.ide.mcu.externaltools.gnu-tools-for-stm32.10.3-2021.10.win32_1.0.0.202111181127/tools/bin/../lib/gcc/arm-none-eabi/10.3.1/../../../../arm-none-eabi/lib/thumb/v7-m/nofp/crt0.o
 .ARM.attributes
                0x0000000000000000       0x1b d:/programs/stm/setup/stm32cubeide_1.10.1/stm32cubeide/plugins/com.st.stm32cube.ide.mcu.externaltools.gnu-tools-for-stm32.10.3-2021.10.win32_1.0.0.202111181127/tools/bin/../lib/gcc/arm-none-eabi/10.3.1/../../../../arm-none-eabi/lib/thumb/v7-m/nofp/crt0.o
 .group         0x0000000000000000        0xc ./Src/GPIO_program.o
 .group         0x0000000000000000        0xc ./Src/GPIO_program.o
 .group         0x0000000000000000        0xc ./Src/GPIO_program.o
 .group         0x0000000000000000        0xc ./Src/GPIO_program.o
 .group         0x0000000000000000        0xc ./Src/GPIO_program.o
 .group         0x0000000000000000        0xc ./Src/GPIO_program.o
 .group         0x0000000000000000        0xc ./Src/GPIO_program.o
 .text          0x0000000000000000        0x0 ./Src/GPIO_program.o
 .data          0x0000000000000000        0x0 ./Src/GPIO_program.o
 .bss           0x0000000000000000        0x0 ./Src/GPIO_program.o
 .text.GPIO_vInit
                0x0000000000000000       0x44 ./Src/GPIO_program.o
 .text.GPIO_u8GetPinValue
                0x0000000000000000       0x7c ./Src/GPIO_program.o
 .text.GPIO_vPinLock
                0x0000000000000000       0xd0 ./Src/GPIO_program.o
 .text.GPIO_vSetPinAltFn
                0x0000000000000000      0x1a4 ./Src/GPIO_program.o
 .group         0x0000000000000000        0xc ./Src/I2C_program.o
 .group         0x0000000000000000        0xc ./Src/I2C_program.o
 .group         0x0000000000000000        0xc ./Src/I2C_program.o
 .group         0x0000000000000000        0xc ./Src/I2C_program.o
 .group         0x0000000000000000        0xc ./Src/I2C_program.o
 .group         0x0000000000000000        0xc ./Src/I2C_program.o
 .group         0x0000000000000000        0xc ./Src/I2C_program.o
 .group         0x0000000000000000        0xc ./Src/I2C_program.o
 .group         0x0000000000000000        0xc ./Src/I2C_program.o
 .text          0x0000000000000000        0x0 ./Src/I2C_program.o
 .data          0x0000000000000000        0x0 ./Src/I2C_program.o
 .bss           0x0000000000000000        0x0 ./Src/I2C_program.o
 .text.I2C_vWrite
                0x0000000000000000       0x38 ./Src/I2C_program.o
 .debug_macro   0x0000000000000000      0xa72 ./Src/I2C_program.o
 .debug_macro   0x0000000000000000       0x1c ./Src/I2C_program.o
 .debug_macro   0x0000000000000000       0x2e ./Src/I2C_program.o
 .debug_macro   0x0000000000000000      0x184 ./Src/I2C_program.o
 .debug_macro   0x0000000000000000      0x14e ./Src/I2C_program.o
 .group         0x0000000000000000        0xc ./Src/MPU6050_program.o
 .group         0x0000000000000000        0xc ./Src/MPU6050_program.o
 .group         0x0000000000000000        0xc ./Src/MPU6050_program.o
 .group         0x0000000000000000        0xc ./Src/MPU6050_program.o
 .group         0x0000000000000000        0xc ./Src/MPU6050_program.o
 .group         0x0000000000000000        0xc ./Src/MPU6050_program.o
 .group         0x0000000000000000        0xc ./Src/MPU6050_program.o
 .group         0x0000000000000000        0xc ./Src/MPU6050_program.o
 .group         0x0000000000000000        0xc ./Src/MPU6050_program.o
 .group         0x0000000000000000        0xc ./Src/MPU6050_program.o
 .group         0x0000000000000000        0xc ./Src/MPU6050_program.o
 .group         0x0000000000000000        0xc ./Src/MPU6050_program.o
 .group         0x0000000000000000        0xc ./Src/MPU6050_program.o
 .group         0x0000000000000000        0xc ./Src/MPU6050_program.o
 .group         0x0000000000000000        0xc ./Src/MPU6050_program.o
 .group         0x0000000000000000        0xc ./Src/MPU6050_program.o
 .group         0x0000000000000000        0xc ./Src/MPU6050_program.o
 .group         0x0000000000000000        0xc ./Src/MPU6050_program.o
 .group         0x0000000000000000        0xc ./Src/MPU6050_program.o
 .group         0x0000000000000000        0xc ./Src/MPU6050_program.o
 .group         0x0000000000000000        0xc ./Src/MPU6050_program.o
 .group         0x0000000000000000        0xc ./Src/MPU6050_program.o
 .group         0x0000000000000000        0xc ./Src/MPU6050_program.o
 .text          0x0000000000000000        0x0 ./Src/MPU6050_program.o
 .data          0x0000000000000000        0x0 ./Src/MPU6050_program.o
 .bss           0x0000000000000000        0x0 ./Src/MPU6050_program.o
 .text.MPU6050_vReadGyro_X
                0x0000000000000000       0x2e ./Src/MPU6050_program.o
 .text.MPU6050_vReadGyro_Y
                0x0000000000000000       0x2e ./Src/MPU6050_program.o
 .text.MPU6050_vReadGyro_Z
                0x0000000000000000       0x2e ./Src/MPU6050_program.o
 .text.MPU6050_vReadGyro_ALL
                0x0000000000000000       0x80 ./Src/MPU6050_program.o
 .debug_macro   0x0000000000000000      0xa72 ./Src/MPU6050_program.o
 .debug_macro   0x0000000000000000       0x1c ./Src/MPU6050_program.o
 .debug_macro   0x0000000000000000       0xd0 ./Src/MPU6050_program.o
 .group         0x0000000000000000        0xc ./Src/NVIC_program.o
 .group         0x0000000000000000        0xc ./Src/NVIC_program.o
 .group         0x0000000000000000        0xc ./Src/NVIC_program.o
 .group         0x0000000000000000        0xc ./Src/NVIC_program.o
 .text          0x0000000000000000        0x0 ./Src/NVIC_program.o
 .data          0x0000000000000000        0x0 ./Src/NVIC_program.o
 .bss           0x0000000000000000        0x0 ./Src/NVIC_program.o
 .text.NVIC_vEnableInterrupt
                0x0000000000000000       0x58 ./Src/NVIC_program.o
 .text.NVIC_vDisableInterrupt
                0x0000000000000000       0x58 ./Src/NVIC_program.o
 .text.NVIC_vSetPendingInterrupt
                0x0000000000000000       0x58 ./Src/NVIC_program.o
 .text.NVIC_vClearPendingInterrupt
                0x0000000000000000       0x58 ./Src/NVIC_program.o
 .text.NVIC_vGetActive
                0x0000000000000000       0x5c ./Src/NVIC_program.o
 .debug_info    0x0000000000000000      0x155 ./Src/NVIC_program.o
 .debug_abbrev  0x0000000000000000       0xa7 ./Src/NVIC_program.o
 .debug_aranges
                0x0000000000000000       0x40 ./Src/NVIC_program.o
 .debug_ranges  0x0000000000000000       0x30 ./Src/NVIC_program.o
 .debug_macro   0x0000000000000000       0x36 ./Src/NVIC_program.o
 .debug_macro   0x0000000000000000      0xa72 ./Src/NVIC_program.o
 .debug_macro   0x0000000000000000       0x1c ./Src/NVIC_program.o
 .debug_macro   0x0000000000000000       0x2e ./Src/NVIC_program.o
 .debug_macro   0x0000000000000000       0x64 ./Src/NVIC_program.o
 .debug_line    0x0000000000000000      0x148 ./Src/NVIC_program.o
 .debug_str     0x0000000000000000     0x3239 ./Src/NVIC_program.o
 .comment       0x0000000000000000       0x51 ./Src/NVIC_program.o
 .debug_frame   0x0000000000000000       0xd8 ./Src/NVIC_program.o
 .ARM.attributes
                0x0000000000000000       0x2d ./Src/NVIC_program.o
 .group         0x0000000000000000        0xc ./Src/RCC_program.o
 .group         0x0000000000000000        0xc ./Src/RCC_program.o
 .group         0x0000000000000000        0xc ./Src/RCC_program.o
 .group         0x0000000000000000        0xc ./Src/RCC_program.o
 .group         0x0000000000000000        0xc ./Src/RCC_program.o
 .group         0x0000000000000000        0xc ./Src/RCC_program.o
 .text          0x0000000000000000        0x0 ./Src/RCC_program.o
 .data          0x0000000000000000        0x0 ./Src/RCC_program.o
 .bss           0x0000000000000000        0x0 ./Src/RCC_program.o
 .text.RCC_u8DisablePeripheralClk
                0x0000000000000000       0x84 ./Src/RCC_program.o
 .debug_macro   0x0000000000000000      0xa72 ./Src/RCC_program.o
 .debug_macro   0x0000000000000000       0x1c ./Src/RCC_program.o
 .debug_macro   0x0000000000000000       0x2e ./Src/RCC_program.o
 .debug_macro   0x0000000000000000      0x184 ./Src/RCC_program.o
 .group         0x0000000000000000        0xc ./Src/SYSTICK_program.o
 .group         0x0000000000000000        0xc ./Src/SYSTICK_program.o
 .group         0x0000000000000000        0xc ./Src/SYSTICK_program.o
 .group         0x0000000000000000        0xc ./Src/SYSTICK_program.o
 .group         0x0000000000000000        0xc ./Src/SYSTICK_program.o
 .group         0x0000000000000000        0xc ./Src/SYSTICK_program.o
 .text          0x0000000000000000        0x0 ./Src/SYSTICK_program.o
 .data          0x0000000000000000        0x0 ./Src/SYSTICK_program.o
 .bss           0x0000000000000000        0x0 ./Src/SYSTICK_program.o
 .text.SYSTICK_vInit
                0x0000000000000000       0x1c ./Src/SYSTICK_program.o
 .text.SYSTICK_u32GetRemainingTime
                0x0000000000000000       0x20 ./Src/SYSTICK_program.o
 .text.SYSTICK_u32GetElapsedTime
                0x0000000000000000       0x28 ./Src/SYSTICK_program.o
 .text.SYSTICK_vSetIntervalSingle
                0x0000000000000000       0x4c ./Src/SYSTICK_program.o
 .text.SYSTICK_vSetIntervalPeriodic
                0x0000000000000000       0x4c ./Src/SYSTICK_program.o
 .text._delay_us
                0x0000000000000000       0x16 ./Src/SYSTICK_program.o
 .debug_macro   0x0000000000000000      0xa72 ./Src/SYSTICK_program.o
 .debug_macro   0x0000000000000000       0x1c ./Src/SYSTICK_program.o
 .debug_macro   0x0000000000000000       0x2e ./Src/SYSTICK_program.o
 .debug_macro   0x0000000000000000       0x3a ./Src/SYSTICK_program.o
 .group         0x0000000000000000        0xc ./Src/UART_program.o
 .group         0x0000000000000000        0xc ./Src/UART_program.o
 .group         0x0000000000000000        0xc ./Src/UART_program.o
 .group         0x0000000000000000        0xc ./Src/UART_program.o
 .group         0x0000000000000000        0xc ./Src/UART_program.o
 .group         0x0000000000000000        0xc ./Src/UART_program.o
 .group         0x0000000000000000        0xc ./Src/UART_program.o
 .group         0x0000000000000000        0xc ./Src/UART_program.o
 .text          0x0000000000000000        0x0 ./Src/UART_program.o
 .data          0x0000000000000000        0x0 ./Src/UART_program.o
 .bss           0x0000000000000000        0x0 ./Src/UART_program.o
 .text.UART_vInit
                0x0000000000000000       0xec ./Src/UART_program.o
 .text.UART_vSendData
                0x0000000000000000       0x74 ./Src/UART_program.o
 .text.UART_vSendString
                0x0000000000000000       0x38 ./Src/UART_program.o
 .text.UART_u8ReceiveData
                0x0000000000000000       0xac ./Src/UART_program.o
 .text.UART_u8ReturnData
                0x0000000000000000       0x38 ./Src/UART_program.o
 .text.UART_SetCallBack
                0x0000000000000000       0x38 ./Src/UART_program.o
 .debug_macro   0x0000000000000000      0xa72 ./Src/UART_program.o
 .debug_macro   0x0000000000000000       0x1c ./Src/UART_program.o
 .debug_macro   0x0000000000000000       0x2e ./Src/UART_program.o
 .debug_macro   0x0000000000000000      0x184 ./Src/UART_program.o
 .debug_macro   0x0000000000000000      0x14e ./Src/UART_program.o
 .group         0x0000000000000000        0xc ./Src/ULTRA_program.o
 .group         0x0000000000000000        0xc ./Src/ULTRA_program.o
 .group         0x0000000000000000        0xc ./Src/ULTRA_program.o
 .group         0x0000000000000000        0xc ./Src/ULTRA_program.o
 .group         0x0000000000000000        0xc ./Src/ULTRA_program.o
 .group         0x0000000000000000        0xc ./Src/ULTRA_program.o
 .group         0x0000000000000000        0xc ./Src/ULTRA_program.o
 .group         0x0000000000000000        0xc ./Src/ULTRA_program.o
 .group         0x0000000000000000        0xc ./Src/ULTRA_program.o
 .group         0x0000000000000000        0xc ./Src/ULTRA_program.o
 .group         0x0000000000000000        0xc ./Src/ULTRA_program.o
 .text          0x0000000000000000        0x0 ./Src/ULTRA_program.o
 .data          0x0000000000000000        0x0 ./Src/ULTRA_program.o
 .bss           0x0000000000000000        0x0 ./Src/ULTRA_program.o
 .text.ULTRA_vSendTrigger
                0x0000000000000000       0x70 ./Src/ULTRA_program.o
 .text.ULTRA_vInit
                0x0000000000000000       0x50 ./Src/ULTRA_program.o
 .text.ULTRA_u16GetDistance
                0x0000000000000000       0xcc ./Src/ULTRA_program.o
 .debug_info    0x0000000000000000      0x35e ./Src/ULTRA_program.o
 .debug_abbrev  0x0000000000000000      0x112 ./Src/ULTRA_program.o
 .debug_aranges
                0x0000000000000000       0x30 ./Src/ULTRA_program.o
 .debug_ranges  0x0000000000000000       0x20 ./Src/ULTRA_program.o
 .debug_macro   0x0000000000000000       0x75 ./Src/ULTRA_program.o
 .debug_macro   0x0000000000000000      0xa72 ./Src/ULTRA_program.o
 .debug_macro   0x0000000000000000       0x1c ./Src/ULTRA_program.o
 .debug_macro   0x0000000000000000       0x2e ./Src/ULTRA_program.o
 .debug_macro   0x0000000000000000      0x184 ./Src/ULTRA_program.o
 .debug_macro   0x0000000000000000       0x3a ./Src/ULTRA_program.o
 .debug_macro   0x0000000000000000       0x2e ./Src/ULTRA_program.o
 .debug_macro   0x0000000000000000      0x14e ./Src/ULTRA_program.o
 .debug_macro   0x0000000000000000       0x2e ./Src/ULTRA_program.o
 .debug_macro   0x0000000000000000       0x1c ./Src/ULTRA_program.o
 .debug_macro   0x0000000000000000       0x16 ./Src/ULTRA_program.o
 .debug_macro   0x0000000000000000       0x3a ./Src/ULTRA_program.o
 .debug_line    0x0000000000000000      0x1d2 ./Src/ULTRA_program.o
 .debug_str     0x0000000000000000     0x3a09 ./Src/ULTRA_program.o
 .comment       0x0000000000000000       0x51 ./Src/ULTRA_program.o
 .debug_frame   0x0000000000000000       0x70 ./Src/ULTRA_program.o
 .ARM.attributes
                0x0000000000000000       0x2d ./Src/ULTRA_program.o
 .group         0x0000000000000000        0xc ./Src/main.o
 .group         0x0000000000000000        0xc ./Src/main.o
 .group         0x0000000000000000        0xc ./Src/main.o
 .group         0x0000000000000000        0xc ./Src/main.o
 .group         0x0000000000000000        0xc ./Src/main.o
 .group         0x0000000000000000        0xc ./Src/main.o
 .group         0x0000000000000000        0xc ./Src/main.o
 .group         0x0000000000000000        0xc ./Src/main.o
 .group         0x0000000000000000        0xc ./Src/main.o
 .group         0x0000000000000000        0xc ./Src/main.o
 .group         0x0000000000000000        0xc ./Src/main.o
 .group         0x0000000000000000        0xc ./Src/main.o
 .group         0x0000000000000000        0xc ./Src/main.o
 .group         0x0000000000000000        0xc ./Src/main.o
 .group         0x0000000000000000        0xc ./Src/main.o
 .group         0x0000000000000000        0xc ./Src/main.o
 .group         0x0000000000000000        0xc ./Src/main.o
 .group         0x0000000000000000        0xc ./Src/main.o
 .group         0x0000000000000000        0xc ./Src/main.o
 .group         0x0000000000000000        0xc ./Src/main.o
 .group         0x0000000000000000        0xc ./Src/main.o
 .group         0x0000000000000000        0xc ./Src/main.o
 .group         0x0000000000000000        0xc ./Src/main.o
 .group         0x0000000000000000        0xc ./Src/main.o
 .group         0x0000000000000000        0xc ./Src/main.o
 .group         0x0000000000000000        0xc ./Src/main.o
 .text          0x0000000000000000        0x0 ./Src/main.o
 .data          0x0000000000000000        0x0 ./Src/main.o
 .bss           0x0000000000000000        0x0 ./Src/main.o
 .debug_macro   0x0000000000000000      0xa72 ./Src/main.o
 .debug_macro   0x0000000000000000       0x1c ./Src/main.o
 .debug_macro   0x0000000000000000       0x2e ./Src/main.o
 .debug_macro   0x0000000000000000       0x22 ./Src/main.o
 .debug_macro   0x0000000000000000       0x4c ./Src/main.o
 .debug_macro   0x0000000000000000       0x18 ./Src/main.o
 .debug_macro   0x0000000000000000       0x94 ./Src/main.o
 .debug_macro   0x0000000000000000       0x3c ./Src/main.o
 .debug_macro   0x0000000000000000       0x34 ./Src/main.o
 .debug_macro   0x0000000000000000      0x174 ./Src/main.o
 .debug_macro   0x0000000000000000       0x16 ./Src/main.o
 .debug_macro   0x0000000000000000       0x43 ./Src/main.o
 .debug_macro   0x0000000000000000       0x57 ./Src/main.o
 .debug_macro   0x0000000000000000       0x34 ./Src/main.o
 .debug_macro   0x0000000000000000       0x10 ./Src/main.o
 .debug_macro   0x0000000000000000       0x58 ./Src/main.o
 .debug_macro   0x0000000000000000       0x71 ./Src/main.o
 .debug_macro   0x0000000000000000       0x1c ./Src/main.o
 .debug_macro   0x0000000000000000      0x12a ./Src/main.o
 .debug_macro   0x0000000000000000      0x341 ./Src/main.o
 .debug_macro   0x0000000000000000      0x19b ./Src/main.o
 .debug_macro   0x0000000000000000      0x184 ./Src/main.o
 .debug_macro   0x0000000000000000      0x14e ./Src/main.o
 .debug_macro   0x0000000000000000       0xd0 ./Src/main.o
 .debug_macro   0x0000000000000000       0x3a ./Src/main.o
 .debug_macro   0x0000000000000000       0x10 ./Src/main.o
 .group         0x0000000000000000        0xc ./Src/syscalls.o
 .group         0x0000000000000000        0xc ./Src/syscalls.o
 .group         0x0000000000000000        0xc ./Src/syscalls.o
 .group         0x0000000000000000        0xc ./Src/syscalls.o
 .group         0x0000000000000000        0xc ./Src/syscalls.o
 .group         0x0000000000000000        0xc ./Src/syscalls.o
 .group         0x0000000000000000        0xc ./Src/syscalls.o
 .group         0x0000000000000000        0xc ./Src/syscalls.o
 .group         0x0000000000000000        0xc ./Src/syscalls.o
 .group         0x0000000000000000        0xc ./Src/syscalls.o
 .group         0x0000000000000000        0xc ./Src/syscalls.o
 .group         0x0000000000000000        0xc ./Src/syscalls.o
 .group         0x0000000000000000        0xc ./Src/syscalls.o
 .group         0x0000000000000000        0xc ./Src/syscalls.o
 .group         0x0000000000000000        0xc ./Src/syscalls.o
 .group         0x0000000000000000        0xc ./Src/syscalls.o
 .group         0x0000000000000000        0xc ./Src/syscalls.o
 .group         0x0000000000000000        0xc ./Src/syscalls.o
 .group         0x0000000000000000        0xc ./Src/syscalls.o
 .group         0x0000000000000000        0xc ./Src/syscalls.o
 .group         0x0000000000000000        0xc ./Src/syscalls.o
 .group         0x0000000000000000        0xc ./Src/syscalls.o
 .group         0x0000000000000000        0xc ./Src/syscalls.o
 .group         0x0000000000000000        0xc ./Src/syscalls.o
 .group         0x0000000000000000        0xc ./Src/syscalls.o
 .group         0x0000000000000000        0xc ./Src/syscalls.o
 .group         0x0000000000000000        0xc ./Src/syscalls.o
 .group         0x0000000000000000        0xc ./Src/syscalls.o
 .group         0x0000000000000000        0xc ./Src/syscalls.o
 .group         0x0000000000000000        0xc ./Src/syscalls.o
 .group         0x0000000000000000        0xc ./Src/syscalls.o
 .group         0x0000000000000000        0xc ./Src/syscalls.o
 .group         0x0000000000000000        0xc ./Src/syscalls.o
 .group         0x0000000000000000        0xc ./Src/syscalls.o
 .group         0x0000000000000000        0xc ./Src/syscalls.o
 .group         0x0000000000000000        0xc ./Src/syscalls.o
 .group         0x0000000000000000        0xc ./Src/syscalls.o
 .group         0x0000000000000000        0xc ./Src/syscalls.o
 .group         0x0000000000000000        0xc ./Src/syscalls.o
 .group         0x0000000000000000        0xc ./Src/syscalls.o
 .group         0x0000000000000000        0xc ./Src/syscalls.o
 .group         0x0000000000000000        0xc ./Src/syscalls.o
 .group         0x0000000000000000        0xc ./Src/syscalls.o
 .group         0x0000000000000000        0xc ./Src/syscalls.o
 .group         0x0000000000000000        0xc ./Src/syscalls.o
 .group         0x0000000000000000        0xc ./Src/syscalls.o
 .group         0x0000000000000000        0xc ./Src/syscalls.o
 .text          0x0000000000000000        0x0 ./Src/syscalls.o
 .data          0x0000000000000000        0x0 ./Src/syscalls.o
 .bss           0x0000000000000000        0x0 ./Src/syscalls.o
 .bss.__env     0x0000000000000000        0x4 ./Src/syscalls.o
 .data.environ  0x0000000000000000        0x4 ./Src/syscalls.o
 .text.initialise_monitor_handles
                0x0000000000000000        0xc ./Src/syscalls.o
 .text._getpid  0x0000000000000000        0xe ./Src/syscalls.o
 .text._kill    0x0000000000000000       0x20 ./Src/syscalls.o
 .text._exit    0x0000000000000000       0x14 ./Src/syscalls.o
 .text._read    0x0000000000000000       0x3a ./Src/syscalls.o
 .text._write   0x0000000000000000       0x38 ./Src/syscalls.o
 .text._close   0x0000000000000000       0x16 ./Src/syscalls.o
 .text._fstat   0x0000000000000000       0x1e ./Src/syscalls.o
 .text._isatty  0x0000000000000000       0x14 ./Src/syscalls.o
 .text._lseek   0x0000000000000000       0x18 ./Src/syscalls.o
 .text._open    0x0000000000000000       0x1a ./Src/syscalls.o
 .text._wait    0x0000000000000000       0x1e ./Src/syscalls.o
 .text._unlink  0x0000000000000000       0x1e ./Src/syscalls.o
 .text._times   0x0000000000000000       0x16 ./Src/syscalls.o
 .text._stat    0x0000000000000000       0x1e ./Src/syscalls.o
 .text._link    0x0000000000000000       0x20 ./Src/syscalls.o
 .text._fork    0x0000000000000000       0x16 ./Src/syscalls.o
 .text._execve  0x0000000000000000       0x22 ./Src/syscalls.o
 .debug_info    0x0000000000000000      0x6e0 ./Src/syscalls.o
 .debug_abbrev  0x0000000000000000      0x1b3 ./Src/syscalls.o
 .debug_aranges
                0x0000000000000000       0xa8 ./Src/syscalls.o
 .debug_ranges  0x0000000000000000       0x98 ./Src/syscalls.o
 .debug_macro   0x0000000000000000      0x24c ./Src/syscalls.o
 .debug_macro   0x0000000000000000      0xa72 ./Src/syscalls.o
 .debug_macro   0x0000000000000000       0x22 ./Src/syscalls.o
 .debug_macro   0x0000000000000000       0x4c ./Src/syscalls.o
 .debug_macro   0x0000000000000000       0x18 ./Src/syscalls.o
 .debug_macro   0x0000000000000000       0x94 ./Src/syscalls.o
 .debug_macro   0x0000000000000000       0x3c ./Src/syscalls.o
 .debug_macro   0x0000000000000000       0x34 ./Src/syscalls.o
 .debug_macro   0x0000000000000000       0x57 ./Src/syscalls.o
 .debug_macro   0x0000000000000000      0x174 ./Src/syscalls.o
 .debug_macro   0x0000000000000000      0x341 ./Src/syscalls.o
 .debug_macro   0x0000000000000000       0x16 ./Src/syscalls.o
 .debug_macro   0x0000000000000000       0x43 ./Src/syscalls.o
 .debug_macro   0x0000000000000000       0x34 ./Src/syscalls.o
 .debug_macro   0x0000000000000000       0x10 ./Src/syscalls.o
 .debug_macro   0x0000000000000000       0x58 ./Src/syscalls.o
 .debug_macro   0x0000000000000000       0x71 ./Src/syscalls.o
 .debug_macro   0x0000000000000000       0x1c ./Src/syscalls.o
 .debug_macro   0x0000000000000000      0x12a ./Src/syscalls.o
 .debug_macro   0x0000000000000000       0x10 ./Src/syscalls.o
 .debug_macro   0x0000000000000000       0x35 ./Src/syscalls.o
 .debug_macro   0x0000000000000000       0x10 ./Src/syscalls.o
 .debug_macro   0x0000000000000000       0x10 ./Src/syscalls.o
 .debug_macro   0x0000000000000000       0x10 ./Src/syscalls.o
 .debug_macro   0x0000000000000000       0x6a ./Src/syscalls.o
 .debug_macro   0x0000000000000000       0x1c ./Src/syscalls.o
 .debug_macro   0x0000000000000000       0x52 ./Src/syscalls.o
 .debug_macro   0x0000000000000000       0x22 ./Src/syscalls.o
 .debug_macro   0x0000000000000000       0x10 ./Src/syscalls.o
 .debug_macro   0x0000000000000000       0x52 ./Src/syscalls.o
 .debug_macro   0x0000000000000000       0xd5 ./Src/syscalls.o
 .debug_macro   0x0000000000000000       0x1c ./Src/syscalls.o
 .debug_macro   0x0000000000000000       0x3d ./Src/syscalls.o
 .debug_macro   0x0000000000000000       0x35 ./Src/syscalls.o
 .debug_macro   0x0000000000000000      0x12c ./Src/syscalls.o
 .debug_macro   0x0000000000000000       0x16 ./Src/syscalls.o
 .debug_macro   0x0000000000000000       0x16 ./Src/syscalls.o
 .debug_macro   0x0000000000000000       0x29 ./Src/syscalls.o
 .debug_macro   0x0000000000000000       0x10 ./Src/syscalls.o
 .debug_macro   0x0000000000000000      0x241 ./Src/syscalls.o
 .debug_macro   0x0000000000000000       0x1c ./Src/syscalls.o
 .debug_macro   0x0000000000000000       0x10 ./Src/syscalls.o
 .debug_macro   0x0000000000000000       0x10 ./Src/syscalls.o
 .debug_macro   0x0000000000000000       0x16 ./Src/syscalls.o
 .debug_macro   0x0000000000000000      0x145 ./Src/syscalls.o
 .debug_macro   0x0000000000000000      0x189 ./Src/syscalls.o
 .debug_macro   0x0000000000000000       0x16 ./Src/syscalls.o
 .debug_macro   0x0000000000000000       0xce ./Src/syscalls.o
 .debug_line    0x0000000000000000      0x933 ./Src/syscalls.o
 .debug_str     0x0000000000000000     0x8a20 ./Src/syscalls.o
 .comment       0x0000000000000000       0x51 ./Src/syscalls.o
 .debug_frame   0x0000000000000000      0x2ac ./Src/syscalls.o
 .ARM.attributes
                0x0000000000000000       0x2d ./Src/syscalls.o
 .group         0x0000000000000000        0xc ./Src/sysmem.o
 .group         0x0000000000000000        0xc ./Src/sysmem.o
 .group         0x0000000000000000        0xc ./Src/sysmem.o
 .group         0x0000000000000000        0xc ./Src/sysmem.o
 .group         0x0000000000000000        0xc ./Src/sysmem.o
 .group         0x0000000000000000        0xc ./Src/sysmem.o
 .group         0x0000000000000000        0xc ./Src/sysmem.o
 .group         0x0000000000000000        0xc ./Src/sysmem.o
 .group         0x0000000000000000        0xc ./Src/sysmem.o
 .group         0x0000000000000000        0xc ./Src/sysmem.o
 .group         0x0000000000000000        0xc ./Src/sysmem.o
 .group         0x0000000000000000        0xc ./Src/sysmem.o
 .group         0x0000000000000000        0xc ./Src/sysmem.o
 .group         0x0000000000000000        0xc ./Src/sysmem.o
 .group         0x0000000000000000        0xc ./Src/sysmem.o
 .group         0x0000000000000000        0xc ./Src/sysmem.o
 .group         0x0000000000000000        0xc ./Src/sysmem.o
 .group         0x0000000000000000        0xc ./Src/sysmem.o
 .group         0x0000000000000000        0xc ./Src/sysmem.o
 .group         0x0000000000000000        0xc ./Src/sysmem.o
 .group         0x0000000000000000        0xc ./Src/sysmem.o
 .group         0x0000000000000000        0xc ./Src/sysmem.o
 .text          0x0000000000000000        0x0 ./Src/sysmem.o
 .data          0x0000000000000000        0x0 ./Src/sysmem.o
 .bss           0x0000000000000000        0x0 ./Src/sysmem.o
 .bss.__sbrk_heap_end
                0x0000000000000000        0x4 ./Src/sysmem.o
 .text._sbrk    0x0000000000000000       0x6c ./Src/sysmem.o
 .debug_info    0x0000000000000000      0x171 ./Src/sysmem.o
 .debug_abbrev  0x0000000000000000       0xbb ./Src/sysmem.o
 .debug_aranges
                0x0000000000000000       0x20 ./Src/sysmem.o
 .debug_ranges  0x0000000000000000       0x10 ./Src/sysmem.o
 .debug_macro   0x0000000000000000       0xff ./Src/sysmem.o
 .debug_macro   0x0000000000000000      0xa72 ./Src/sysmem.o
 .debug_macro   0x0000000000000000       0x10 ./Src/sysmem.o
 .debug_macro   0x0000000000000000       0x22 ./Src/sysmem.o
 .debug_macro   0x0000000000000000       0x4c ./Src/sysmem.o
 .debug_macro   0x0000000000000000       0x18 ./Src/sysmem.o
 .debug_macro   0x0000000000000000       0x94 ./Src/sysmem.o
 .debug_macro   0x0000000000000000       0x3c ./Src/sysmem.o
 .debug_macro   0x0000000000000000       0x34 ./Src/sysmem.o
 .debug_macro   0x0000000000000000      0x174 ./Src/sysmem.o
 .debug_macro   0x0000000000000000       0x16 ./Src/sysmem.o
 .debug_macro   0x0000000000000000       0x43 ./Src/sysmem.o
 .debug_macro   0x0000000000000000       0x57 ./Src/sysmem.o
 .debug_macro   0x0000000000000000       0x34 ./Src/sysmem.o
 .debug_macro   0x0000000000000000       0x10 ./Src/sysmem.o
 .debug_macro   0x0000000000000000       0x58 ./Src/sysmem.o
 .debug_macro   0x0000000000000000       0x71 ./Src/sysmem.o
 .debug_macro   0x0000000000000000       0x1c ./Src/sysmem.o
 .debug_macro   0x0000000000000000      0x12a ./Src/sysmem.o
 .debug_macro   0x0000000000000000      0x23b ./Src/sysmem.o
 .debug_macro   0x0000000000000000      0x103 ./Src/sysmem.o
 .debug_macro   0x0000000000000000       0x6a ./Src/sysmem.o
 .debug_macro   0x0000000000000000      0x1df ./Src/sysmem.o
 .debug_line    0x0000000000000000      0x629 ./Src/sysmem.o
 .debug_str     0x0000000000000000     0x5d5c ./Src/sysmem.o
 .comment       0x0000000000000000       0x51 ./Src/sysmem.o
 .debug_frame   0x0000000000000000       0x34 ./Src/sysmem.o
 .ARM.attributes
                0x0000000000000000       0x2d ./Src/sysmem.o
 .text          0x0000000000000000       0x14 ./Startup/startup_stm32f103c6tx.o
 .data          0x0000000000000000        0x0 ./Startup/startup_stm32f103c6tx.o
 .bss           0x0000000000000000        0x0 ./Startup/startup_stm32f103c6tx.o
 .text          0x0000000000000000        0x0 d:/programs/stm/setup/stm32cubeide_1.10.1/stm32cubeide/plugins/com.st.stm32cube.ide.mcu.externaltools.gnu-tools-for-stm32.10.3-2021.10.win32_1.0.0.202111181127/tools/bin/../lib/gcc/arm-none-eabi/10.3.1/../../../../arm-none-eabi/lib/thumb/v7-m/nofp\libc_nano.a(lib_a-errno.o)
 .data          0x0000000000000000        0x0 d:/programs/stm/setup/stm32cubeide_1.10.1/stm32cubeide/plugins/com.st.stm32cube.ide.mcu.externaltools.gnu-tools-for-stm32.10.3-2021.10.win32_1.0.0.202111181127/tools/bin/../lib/gcc/arm-none-eabi/10.3.1/../../../../arm-none-eabi/lib/thumb/v7-m/nofp\libc_nano.a(lib_a-errno.o)
 .bss           0x0000000000000000        0x0 d:/programs/stm/setup/stm32cubeide_1.10.1/stm32cubeide/plugins/com.st.stm32cube.ide.mcu.externaltools.gnu-tools-for-stm32.10.3-2021.10.win32_1.0.0.202111181127/tools/bin/../lib/gcc/arm-none-eabi/10.3.1/../../../../arm-none-eabi/lib/thumb/v7-m/nofp\libc_nano.a(lib_a-errno.o)
 .text.__errno  0x0000000000000000        0xc d:/programs/stm/setup/stm32cubeide_1.10.1/stm32cubeide/plugins/com.st.stm32cube.ide.mcu.externaltools.gnu-tools-for-stm32.10.3-2021.10.win32_1.0.0.202111181127/tools/bin/../lib/gcc/arm-none-eabi/10.3.1/../../../../arm-none-eabi/lib/thumb/v7-m/nofp\libc_nano.a(lib_a-errno.o)
 .debug_frame   0x0000000000000000       0x20 d:/programs/stm/setup/stm32cubeide_1.10.1/stm32cubeide/plugins/com.st.stm32cube.ide.mcu.externaltools.gnu-tools-for-stm32.10.3-2021.10.win32_1.0.0.202111181127/tools/bin/../lib/gcc/arm-none-eabi/10.3.1/../../../../arm-none-eabi/lib/thumb/v7-m/nofp\libc_nano.a(lib_a-errno.o)
 .ARM.attributes
                0x0000000000000000       0x2d d:/programs/stm/setup/stm32cubeide_1.10.1/stm32cubeide/plugins/com.st.stm32cube.ide.mcu.externaltools.gnu-tools-for-stm32.10.3-2021.10.win32_1.0.0.202111181127/tools/bin/../lib/gcc/arm-none-eabi/10.3.1/../../../../arm-none-eabi/lib/thumb/v7-m/nofp\libc_nano.a(lib_a-errno.o)
 .text          0x0000000000000000        0x0 d:/programs/stm/setup/stm32cubeide_1.10.1/stm32cubeide/plugins/com.st.stm32cube.ide.mcu.externaltools.gnu-tools-for-stm32.10.3-2021.10.win32_1.0.0.202111181127/tools/bin/../lib/gcc/arm-none-eabi/10.3.1/../../../../arm-none-eabi/lib/thumb/v7-m/nofp\libc_nano.a(lib_a-exit.o)
 .data          0x0000000000000000        0x0 d:/programs/stm/setup/stm32cubeide_1.10.1/stm32cubeide/plugins/com.st.stm32cube.ide.mcu.externaltools.gnu-tools-for-stm32.10.3-2021.10.win32_1.0.0.202111181127/tools/bin/../lib/gcc/arm-none-eabi/10.3.1/../../../../arm-none-eabi/lib/thumb/v7-m/nofp\libc_nano.a(lib_a-exit.o)
 .bss           0x0000000000000000        0x0 d:/programs/stm/setup/stm32cubeide_1.10.1/stm32cubeide/plugins/com.st.stm32cube.ide.mcu.externaltools.gnu-tools-for-stm32.10.3-2021.10.win32_1.0.0.202111181127/tools/bin/../lib/gcc/arm-none-eabi/10.3.1/../../../../arm-none-eabi/lib/thumb/v7-m/nofp\libc_nano.a(lib_a-exit.o)
 .text.exit     0x0000000000000000       0x28 d:/programs/stm/setup/stm32cubeide_1.10.1/stm32cubeide/plugins/com.st.stm32cube.ide.mcu.externaltools.gnu-tools-for-stm32.10.3-2021.10.win32_1.0.0.202111181127/tools/bin/../lib/gcc/arm-none-eabi/10.3.1/../../../../arm-none-eabi/lib/thumb/v7-m/nofp\libc_nano.a(lib_a-exit.o)
 .debug_frame   0x0000000000000000       0x28 d:/programs/stm/setup/stm32cubeide_1.10.1/stm32cubeide/plugins/com.st.stm32cube.ide.mcu.externaltools.gnu-tools-for-stm32.10.3-2021.10.win32_1.0.0.202111181127/tools/bin/../lib/gcc/arm-none-eabi/10.3.1/../../../../arm-none-eabi/lib/thumb/v7-m/nofp\libc_nano.a(lib_a-exit.o)
 .ARM.attributes
                0x0000000000000000       0x2d d:/programs/stm/setup/stm32cubeide_1.10.1/stm32cubeide/plugins/com.st.stm32cube.ide.mcu.externaltools.gnu-tools-for-stm32.10.3-2021.10.win32_1.0.0.202111181127/tools/bin/../lib/gcc/arm-none-eabi/10.3.1/../../../../arm-none-eabi/lib/thumb/v7-m/nofp\libc_nano.a(lib_a-exit.o)
 .text          0x0000000000000000        0x0 d:/programs/stm/setup/stm32cubeide_1.10.1/stm32cubeide/plugins/com.st.stm32cube.ide.mcu.externaltools.gnu-tools-for-stm32.10.3-2021.10.win32_1.0.0.202111181127/tools/bin/../lib/gcc/arm-none-eabi/10.3.1/../../../../arm-none-eabi/lib/thumb/v7-m/nofp\libc_nano.a(lib_a-impure.o)
 .data          0x0000000000000000        0x0 d:/programs/stm/setup/stm32cubeide_1.10.1/stm32cubeide/plugins/com.st.stm32cube.ide.mcu.externaltools.gnu-tools-for-stm32.10.3-2021.10.win32_1.0.0.202111181127/tools/bin/../lib/gcc/arm-none-eabi/10.3.1/../../../../arm-none-eabi/lib/thumb/v7-m/nofp\libc_nano.a(lib_a-impure.o)
 .bss           0x0000000000000000        0x0 d:/programs/stm/setup/stm32cubeide_1.10.1/stm32cubeide/plugins/com.st.stm32cube.ide.mcu.externaltools.gnu-tools-for-stm32.10.3-2021.10.win32_1.0.0.202111181127/tools/bin/../lib/gcc/arm-none-eabi/10.3.1/../../../../arm-none-eabi/lib/thumb/v7-m/nofp\libc_nano.a(lib_a-impure.o)
 .data._impure_ptr
                0x0000000000000000        0x4 d:/programs/stm/setup/stm32cubeide_1.10.1/stm32cubeide/plugins/com.st.stm32cube.ide.mcu.externaltools.gnu-tools-for-stm32.10.3-2021.10.win32_1.0.0.202111181127/tools/bin/../lib/gcc/arm-none-eabi/10.3.1/../../../../arm-none-eabi/lib/thumb/v7-m/nofp\libc_nano.a(lib_a-impure.o)
 .data.impure_data
                0x0000000000000000       0x60 d:/programs/stm/setup/stm32cubeide_1.10.1/stm32cubeide/plugins/com.st.stm32cube.ide.mcu.externaltools.gnu-tools-for-stm32.10.3-2021.10.win32_1.0.0.202111181127/tools/bin/../lib/gcc/arm-none-eabi/10.3.1/../../../../arm-none-eabi/lib/thumb/v7-m/nofp\libc_nano.a(lib_a-impure.o)
 .rodata._global_impure_ptr
                0x0000000000000000        0x4 d:/programs/stm/setup/stm32cubeide_1.10.1/stm32cubeide/plugins/com.st.stm32cube.ide.mcu.externaltools.gnu-tools-for-stm32.10.3-2021.10.win32_1.0.0.202111181127/tools/bin/../lib/gcc/arm-none-eabi/10.3.1/../../../../arm-none-eabi/lib/thumb/v7-m/nofp\libc_nano.a(lib_a-impure.o)
 .ARM.attributes
                0x0000000000000000       0x2d d:/programs/stm/setup/stm32cubeide_1.10.1/stm32cubeide/plugins/com.st.stm32cube.ide.mcu.externaltools.gnu-tools-for-stm32.10.3-2021.10.win32_1.0.0.202111181127/tools/bin/../lib/gcc/arm-none-eabi/10.3.1/../../../../arm-none-eabi/lib/thumb/v7-m/nofp\libc_nano.a(lib_a-impure.o)
 .text          0x0000000000000000        0x0 d:/programs/stm/setup/stm32cubeide_1.10.1/stm32cubeide/plugins/com.st.stm32cube.ide.mcu.externaltools.gnu-tools-for-stm32.10.3-2021.10.win32_1.0.0.202111181127/tools/bin/../lib/gcc/arm-none-eabi/10.3.1/../../../../arm-none-eabi/lib/thumb/v7-m/nofp\libc_nano.a(lib_a-init.o)
 .data          0x0000000000000000        0x0 d:/programs/stm/setup/stm32cubeide_1.10.1/stm32cubeide/plugins/com.st.stm32cube.ide.mcu.externaltools.gnu-tools-for-stm32.10.3-2021.10.win32_1.0.0.202111181127/tools/bin/../lib/gcc/arm-none-eabi/10.3.1/../../../../arm-none-eabi/lib/thumb/v7-m/nofp\libc_nano.a(lib_a-init.o)
 .bss           0x0000000000000000        0x0 d:/programs/stm/setup/stm32cubeide_1.10.1/stm32cubeide/plugins/com.st.stm32cube.ide.mcu.externaltools.gnu-tools-for-stm32.10.3-2021.10.win32_1.0.0.202111181127/tools/bin/../lib/gcc/arm-none-eabi/10.3.1/../../../../arm-none-eabi/lib/thumb/v7-m/nofp\libc_nano.a(lib_a-init.o)
 .text          0x0000000000000000        0x0 d:/programs/stm/setup/stm32cubeide_1.10.1/stm32cubeide/plugins/com.st.stm32cube.ide.mcu.externaltools.gnu-tools-for-stm32.10.3-2021.10.win32_1.0.0.202111181127/tools/bin/../lib/gcc/arm-none-eabi/10.3.1/../../../../arm-none-eabi/lib/thumb/v7-m/nofp\libc_nano.a(lib_a-memset.o)
 .data          0x0000000000000000        0x0 d:/programs/stm/setup/stm32cubeide_1.10.1/stm32cubeide/plugins/com.st.stm32cube.ide.mcu.externaltools.gnu-tools-for-stm32.10.3-2021.10.win32_1.0.0.202111181127/tools/bin/../lib/gcc/arm-none-eabi/10.3.1/../../../../arm-none-eabi/lib/thumb/v7-m/nofp\libc_nano.a(lib_a-memset.o)
 .bss           0x0000000000000000        0x0 d:/programs/stm/setup/stm32cubeide_1.10.1/stm32cubeide/plugins/com.st.stm32cube.ide.mcu.externaltools.gnu-tools-for-stm32.10.3-2021.10.win32_1.0.0.202111181127/tools/bin/../lib/gcc/arm-none-eabi/10.3.1/../../../../arm-none-eabi/lib/thumb/v7-m/nofp\libc_nano.a(lib_a-memset.o)
 .text.memset   0x0000000000000000       0x10 d:/programs/stm/setup/stm32cubeide_1.10.1/stm32cubeide/plugins/com.st.stm32cube.ide.mcu.externaltools.gnu-tools-for-stm32.10.3-2021.10.win32_1.0.0.202111181127/tools/bin/../lib/gcc/arm-none-eabi/10.3.1/../../../../arm-none-eabi/lib/thumb/v7-m/nofp\libc_nano.a(lib_a-memset.o)
 .debug_frame   0x0000000000000000       0x20 d:/programs/stm/setup/stm32cubeide_1.10.1/stm32cubeide/plugins/com.st.stm32cube.ide.mcu.externaltools.gnu-tools-for-stm32.10.3-2021.10.win32_1.0.0.202111181127/tools/bin/../lib/gcc/arm-none-eabi/10.3.1/../../../../arm-none-eabi/lib/thumb/v7-m/nofp\libc_nano.a(lib_a-memset.o)
 .ARM.attributes
                0x0000000000000000       0x2d d:/programs/stm/setup/stm32cubeide_1.10.1/stm32cubeide/plugins/com.st.stm32cube.ide.mcu.externaltools.gnu-tools-for-stm32.10.3-2021.10.win32_1.0.0.202111181127/tools/bin/../lib/gcc/arm-none-eabi/10.3.1/../../../../arm-none-eabi/lib/thumb/v7-m/nofp\libc_nano.a(lib_a-memset.o)
 .text          0x0000000000000000      0x254 d:/programs/stm/setup/stm32cubeide_1.10.1/stm32cubeide/plugins/com.st.stm32cube.ide.mcu.externaltools.gnu-tools-for-stm32.10.3-2021.10.win32_1.0.0.202111181127/tools/bin/../lib/gcc/arm-none-eabi/10.3.1/thumb/v7-m/nofp\libgcc.a(_arm_muldf3.o)
 .data          0x0000000000000000        0x0 d:/programs/stm/setup/stm32cubeide_1.10.1/stm32cubeide/plugins/com.st.stm32cube.ide.mcu.externaltools.gnu-tools-for-stm32.10.3-2021.10.win32_1.0.0.202111181127/tools/bin/../lib/gcc/arm-none-eabi/10.3.1/thumb/v7-m/nofp\libgcc.a(_arm_muldf3.o)
 .bss           0x0000000000000000        0x0 d:/programs/stm/setup/stm32cubeide_1.10.1/stm32cubeide/plugins/com.st.stm32cube.ide.mcu.externaltools.gnu-tools-for-stm32.10.3-2021.10.win32_1.0.0.202111181127/tools/bin/../lib/gcc/arm-none-eabi/10.3.1/thumb/v7-m/nofp\libgcc.a(_arm_muldf3.o)
 .debug_frame   0x0000000000000000       0x30 d:/programs/stm/setup/stm32cubeide_1.10.1/stm32cubeide/plugins/com.st.stm32cube.ide.mcu.externaltools.gnu-tools-for-stm32.10.3-2021.10.win32_1.0.0.202111181127/tools/bin/../lib/gcc/arm-none-eabi/10.3.1/thumb/v7-m/nofp\libgcc.a(_arm_muldf3.o)
 .ARM.attributes
                0x0000000000000000       0x1d d:/programs/stm/setup/stm32cubeide_1.10.1/stm32cubeide/plugins/com.st.stm32cube.ide.mcu.externaltools.gnu-tools-for-stm32.10.3-2021.10.win32_1.0.0.202111181127/tools/bin/../lib/gcc/arm-none-eabi/10.3.1/thumb/v7-m/nofp\libgcc.a(_arm_muldf3.o)
 .data          0x0000000000000000        0x0 d:/programs/stm/setup/stm32cubeide_1.10.1/stm32cubeide/plugins/com.st.stm32cube.ide.mcu.externaltools.gnu-tools-for-stm32.10.3-2021.10.win32_1.0.0.202111181127/tools/bin/../lib/gcc/arm-none-eabi/10.3.1/thumb/v7-m/nofp\libgcc.a(_arm_addsubdf3.o)
 .bss           0x0000000000000000        0x0 d:/programs/stm/setup/stm32cubeide_1.10.1/stm32cubeide/plugins/com.st.stm32cube.ide.mcu.externaltools.gnu-tools-for-stm32.10.3-2021.10.win32_1.0.0.202111181127/tools/bin/../lib/gcc/arm-none-eabi/10.3.1/thumb/v7-m/nofp\libgcc.a(_arm_addsubdf3.o)
 .data          0x0000000000000000        0x0 d:/programs/stm/setup/stm32cubeide_1.10.1/stm32cubeide/plugins/com.st.stm32cube.ide.mcu.externaltools.gnu-tools-for-stm32.10.3-2021.10.win32_1.0.0.202111181127/tools/bin/../lib/gcc/arm-none-eabi/10.3.1/thumb/v7-m/nofp\libgcc.a(_arm_muldivdf3.o)
 .bss           0x0000000000000000        0x0 d:/programs/stm/setup/stm32cubeide_1.10.1/stm32cubeide/plugins/com.st.stm32cube.ide.mcu.externaltools.gnu-tools-for-stm32.10.3-2021.10.win32_1.0.0.202111181127/tools/bin/../lib/gcc/arm-none-eabi/10.3.1/thumb/v7-m/nofp\libgcc.a(_arm_muldivdf3.o)
 .data          0x0000000000000000        0x0 d:/programs/stm/setup/stm32cubeide_1.10.1/stm32cubeide/plugins/com.st.stm32cube.ide.mcu.externaltools.gnu-tools-for-stm32.10.3-2021.10.win32_1.0.0.202111181127/tools/bin/../lib/gcc/arm-none-eabi/10.3.1/thumb/v7-m/nofp\libgcc.a(_arm_cmpdf2.o)
 .bss           0x0000000000000000        0x0 d:/programs/stm/setup/stm32cubeide_1.10.1/stm32cubeide/plugins/com.st.stm32cube.ide.mcu.externaltools.gnu-tools-for-stm32.10.3-2021.10.win32_1.0.0.202111181127/tools/bin/../lib/gcc/arm-none-eabi/10.3.1/thumb/v7-m/nofp\libgcc.a(_arm_cmpdf2.o)
 .text          0x0000000000000000        0x0 d:/programs/stm/setup/stm32cubeide_1.10.1/stm32cubeide/plugins/com.st.stm32cube.ide.mcu.externaltools.gnu-tools-for-stm32.10.3-2021.10.win32_1.0.0.202111181127/tools/bin/../lib/gcc/arm-none-eabi/10.3.1/thumb/v7-m/nofp/crtend.o
 .data          0x0000000000000000        0x0 d:/programs/stm/setup/stm32cubeide_1.10.1/stm32cubeide/plugins/com.st.stm32cube.ide.mcu.externaltools.gnu-tools-for-stm32.10.3-2021.10.win32_1.0.0.202111181127/tools/bin/../lib/gcc/arm-none-eabi/10.3.1/thumb/v7-m/nofp/crtend.o
 .bss           0x0000000000000000        0x0 d:/programs/stm/setup/stm32cubeide_1.10.1/stm32cubeide/plugins/com.st.stm32cube.ide.mcu.externaltools.gnu-tools-for-stm32.10.3-2021.10.win32_1.0.0.202111181127/tools/bin/../lib/gcc/arm-none-eabi/10.3.1/thumb/v7-m/nofp/crtend.o
 .rodata        0x0000000000000000       0x24 d:/programs/stm/setup/stm32cubeide_1.10.1/stm32cubeide/plugins/com.st.stm32cube.ide.mcu.externaltools.gnu-tools-for-stm32.10.3-2021.10.win32_1.0.0.202111181127/tools/bin/../lib/gcc/arm-none-eabi/10.3.1/thumb/v7-m/nofp/crtend.o
 .eh_frame      0x0000000000000000        0x4 d:/programs/stm/setup/stm32cubeide_1.10.1/stm32cubeide/plugins/com.st.stm32cube.ide.mcu.externaltools.gnu-tools-for-stm32.10.3-2021.10.win32_1.0.0.202111181127/tools/bin/../lib/gcc/arm-none-eabi/10.3.1/thumb/v7-m/nofp/crtend.o
 .ARM.attributes
                0x0000000000000000       0x2d d:/programs/stm/setup/stm32cubeide_1.10.1/stm32cubeide/plugins/com.st.stm32cube.ide.mcu.externaltools.gnu-tools-for-stm32.10.3-2021.10.win32_1.0.0.202111181127/tools/bin/../lib/gcc/arm-none-eabi/10.3.1/thumb/v7-m/nofp/crtend.o
 .text          0x0000000000000000        0x0 d:/programs/stm/setup/stm32cubeide_1.10.1/stm32cubeide/plugins/com.st.stm32cube.ide.mcu.externaltools.gnu-tools-for-stm32.10.3-2021.10.win32_1.0.0.202111181127/tools/bin/../lib/gcc/arm-none-eabi/10.3.1/thumb/v7-m/nofp/crtn.o
 .data          0x0000000000000000        0x0 d:/programs/stm/setup/stm32cubeide_1.10.1/stm32cubeide/plugins/com.st.stm32cube.ide.mcu.externaltools.gnu-tools-for-stm32.10.3-2021.10.win32_1.0.0.202111181127/tools/bin/../lib/gcc/arm-none-eabi/10.3.1/thumb/v7-m/nofp/crtn.o
 .bss           0x0000000000000000        0x0 d:/programs/stm/setup/stm32cubeide_1.10.1/stm32cubeide/plugins/com.st.stm32cube.ide.mcu.externaltools.gnu-tools-for-stm32.10.3-2021.10.win32_1.0.0.202111181127/tools/bin/../lib/gcc/arm-none-eabi/10.3.1/thumb/v7-m/nofp/crtn.o

Memory Configuration

Name             Origin             Length             Attributes
RAM              0x0000000020000000 0x0000000000002800 xrw
FLASH            0x0000000008000000 0x0000000000008000 xr
*default*        0x0000000000000000 0xffffffffffffffff

Linker script and memory map

LOAD d:/programs/stm/setup/stm32cubeide_1.10.1/stm32cubeide/plugins/com.st.stm32cube.ide.mcu.externaltools.gnu-tools-for-stm32.10.3-2021.10.win32_1.0.0.202111181127/tools/bin/../lib/gcc/arm-none-eabi/10.3.1/thumb/v7-m/nofp/crti.o
LOAD d:/programs/stm/setup/stm32cubeide_1.10.1/stm32cubeide/plugins/com.st.stm32cube.ide.mcu.externaltools.gnu-tools-for-stm32.10.3-2021.10.win32_1.0.0.202111181127/tools/bin/../lib/gcc/arm-none-eabi/10.3.1/thumb/v7-m/nofp/crtbegin.o
LOAD d:/programs/stm/setup/stm32cubeide_1.10.1/stm32cubeide/plugins/com.st.stm32cube.ide.mcu.externaltools.gnu-tools-for-stm32.10.3-2021.10.win32_1.0.0.202111181127/tools/bin/../lib/gcc/arm-none-eabi/10.3.1/../../../../arm-none-eabi/lib/thumb/v7-m/nofp/crt0.o
LOAD ./Src/GPIO_program.o
LOAD ./Src/I2C_program.o
LOAD ./Src/MPU6050_program.o
LOAD ./Src/NVIC_program.o
LOAD ./Src/RCC_program.o
LOAD ./Src/SYSTICK_program.o
LOAD ./Src/UART_program.o
LOAD ./Src/ULTRA_program.o
LOAD ./Src/main.o
LOAD ./Src/syscalls.o
LOAD ./Src/sysmem.o
LOAD ./Startup/startup_stm32f103c6tx.o
START GROUP
LOAD d:/programs/stm/setup/stm32cubeide_1.10.1/stm32cubeide/plugins/com.st.stm32cube.ide.mcu.externaltools.gnu-tools-for-stm32.10.3-2021.10.win32_1.0.0.202111181127/tools/bin/../lib/gcc/arm-none-eabi/10.3.1/../../../../arm-none-eabi/lib/thumb/v7-m/nofp\libc_nano.a
LOAD d:/programs/stm/setup/stm32cubeide_1.10.1/stm32cubeide/plugins/com.st.stm32cube.ide.mcu.externaltools.gnu-tools-for-stm32.10.3-2021.10.win32_1.0.0.202111181127/tools/bin/../lib/gcc/arm-none-eabi/10.3.1/../../../../arm-none-eabi/lib/thumb/v7-m/nofp\libm.a
END GROUP
START GROUP
LOAD d:/programs/stm/setup/stm32cubeide_1.10.1/stm32cubeide/plugins/com.st.stm32cube.ide.mcu.externaltools.gnu-tools-for-stm32.10.3-2021.10.win32_1.0.0.202111181127/tools/bin/../lib/gcc/arm-none-eabi/10.3.1/thumb/v7-m/nofp\libgcc.a
LOAD d:/programs/stm/setup/stm32cubeide_1.10.1/stm32cubeide/plugins/com.st.stm32cube.ide.mcu.externaltools.gnu-tools-for-stm32.10.3-2021.10.win32_1.0.0.202111181127/tools/bin/../lib/gcc/arm-none-eabi/10.3.1/../../../../arm-none-eabi/lib/thumb/v7-m/nofp\libc_nano.a
END GROUP
START GROUP
LOAD d:/programs/stm/setup/stm32cubeide_1.10.1/stm32cubeide/plugins/com.st.stm32cube.ide.mcu.externaltools.gnu-tools-for-stm32.10.3-2021.10.win32_1.0.0.202111181127/tools/bin/../lib/gcc/arm-none-eabi/10.3.1/thumb/v7-m/nofp\libgcc.a
LOAD d:/programs/stm/setup/stm32cubeide_1.10.1/stm32cubeide/plugins/com.st.stm32cube.ide.mcu.externaltools.gnu-tools-for-stm32.10.3-2021.10.win32_1.0.0.202111181127/tools/bin/../lib/gcc/arm-none-eabi/10.3.1/../../../../arm-none-eabi/lib/thumb/v7-m/nofp\libc_nano.a
LOAD d:/programs/stm/setup/stm32cubeide_1.10.1/stm32cubeide/plugins/com.st.stm32cube.ide.mcu.externaltools.gnu-tools-for-stm32.10.3-2021.10.win32_1.0.0.202111181127/tools/bin/../lib/gcc/arm-none-eabi/10.3.1/../../../../arm-none-eabi/lib/thumb/v7-m/nofp\libnosys.a
END GROUP
START GROUP
LOAD d:/programs/stm/setup/stm32cubeide_1.10.1/stm32cubeide/plugins/com.st.stm32cube.ide.mcu.externaltools.gnu-tools-for-stm32.10.3-2021.10.win32_1.0.0.202111181127/tools/bin/../lib/gcc/arm-none-eabi/10.3.1/thumb/v7-m/nofp\libgcc.a
LOAD d:/programs/stm/setup/stm32cubeide_1.10.1/stm32cubeide/plugins/com.st.stm32cube.ide.mcu.externaltools.gnu-tools-for-stm32.10.3-2021.10.win32_1.0.0.202111181127/tools/bin/../lib/gcc/arm-none-eabi/10.3.1/../../../../arm-none-eabi/lib/thumb/v7-m/nofp\libc_nano.a
LOAD d:/programs/stm/setup/stm32cubeide_1.10.1/stm32cubeide/plugins/com.st.stm32cube.ide.mcu.externaltools.gnu-tools-for-stm32.10.3-2021.10.win32_1.0.0.202111181127/tools/bin/../lib/gcc/arm-none-eabi/10.3.1/../../../../arm-none-eabi/lib/thumb/v7-m/nofp\libnosys.a
END GROUP
LOAD d:/programs/stm/setup/stm32cubeide_1.10.1/stm32cubeide/plugins/com.st.stm32cube.ide.mcu.externaltools.gnu-tools-for-stm32.10.3-2021.10.win32_1.0.0.202111181127/tools/bin/../lib/gcc/arm-none-eabi/10.3.1/thumb/v7-m/nofp/crtend.o
LOAD d:/programs/stm/setup/stm32cubeide_1.10.1/stm32cubeide/plugins/com.st.stm32cube.ide.mcu.externaltools.gnu-tools-for-stm32.10.3-2021.10.win32_1.0.0.202111181127/tools/bin/../lib/gcc/arm-none-eabi/10.3.1/thumb/v7-m/nofp/crtn.o
                0x0000000020002800                _estack = (ORIGIN (RAM) + LENGTH (RAM))
                0x0000000000000200                _Min_Heap_Size = 0x200
                0x0000000000000400                _Min_Stack_Size = 0x400

.isr_vector     0x0000000008000000      0x130
                0x0000000008000000                . = ALIGN (0x4)
 *(.isr_vector)
 .isr_vector    0x0000000008000000      0x130 ./Startup/startup_stm32f103c6tx.o
                0x0000000008000000                g_pfnVectors
                0x0000000008000130                . = ALIGN (0x4)

.text           0x0000000008000130     0x16c0
                0x0000000008000130                . = ALIGN (0x4)
 *(.text)
 .text          0x0000000008000130       0x40 d:/programs/stm/setup/stm32cubeide_1.10.1/stm32cubeide/plugins/com.st.stm32cube.ide.mcu.externaltools.gnu-tools-for-stm32.10.3-2021.10.win32_1.0.0.202111181127/tools/bin/../lib/gcc/arm-none-eabi/10.3.1/thumb/v7-m/nofp/crtbegin.o
 .text          0x0000000008000170      0x378 d:/programs/stm/setup/stm32cubeide_1.10.1/stm32cubeide/plugins/com.st.stm32cube.ide.mcu.externaltools.gnu-tools-for-stm32.10.3-2021.10.win32_1.0.0.202111181127/tools/bin/../lib/gcc/arm-none-eabi/10.3.1/thumb/v7-m/nofp\libgcc.a(_arm_addsubdf3.o)
                0x0000000008000170                __aeabi_drsub
                0x0000000008000178                __aeabi_dsub
                0x0000000008000178                __subdf3
                0x000000000800017c                __aeabi_dadd
                0x000000000800017c                __adddf3
                0x00000000080003f4                __floatunsidf
                0x00000000080003f4                __aeabi_ui2d
                0x0000000008000414                __floatsidf
                0x0000000008000414                __aeabi_i2d
                0x0000000008000438                __aeabi_f2d
                0x0000000008000438                __extendsfdf2
                0x000000000800047c                __floatundidf
                0x000000000800047c                __aeabi_ul2d
                0x000000000800048c                __floatdidf
                0x000000000800048c                __aeabi_l2d
 .text          0x00000000080004e8      0x424 d:/programs/stm/setup/stm32cubeide_1.10.1/stm32cubeide/plugins/com.st.stm32cube.ide.mcu.externaltools.gnu-tools-for-stm32.10.3-2021.10.win32_1.0.0.202111181127/tools/bin/../lib/gcc/arm-none-eabi/10.3.1/thumb/v7-m/nofp\libgcc.a(_arm_muldivdf3.o)
                0x00000000080004e8                __aeabi_dmul
                0x00000000080004e8                __muldf3
                0x000000000800073c                __divdf3
                0x000000000800073c                __aeabi_ddiv
 .text          0x000000000800090c      0x110 d:/programs/stm/setup/stm32cubeide_1.10.1/stm32cubeide/plugins/com.st.stm32cube.ide.mcu.externaltools.gnu-tools-for-stm32.10.3-2021.10.win32_1.0.0.202111181127/tools/bin/../lib/gcc/arm-none-eabi/10.3.1/thumb/v7-m/nofp\libgcc.a(_arm_cmpdf2.o)
                0x000000000800090c                __gtdf2
                0x000000000800090c                __gedf2
                0x0000000008000914                __ltdf2
                0x0000000008000914                __ledf2
                0x000000000800091c                __nedf2
                0x000000000800091c                __eqdf2
                0x000000000800091c                __cmpdf2
                0x0000000008000998                __aeabi_cdrcmple
                0x00000000080009a8                __aeabi_cdcmpeq
                0x00000000080009a8                __aeabi_cdcmple
                0x00000000080009b8                __aeabi_dcmpeq
                0x00000000080009cc                __aeabi_dcmplt
                0x00000000080009e0                __aeabi_dcmple
                0x00000000080009f4                __aeabi_dcmpge
                0x0000000008000a08                __aeabi_dcmpgt
 *(.text*)
 .text.GPIO_vSetPinMode
                0x0000000008000a1c      0x18c ./Src/GPIO_program.o
                0x0000000008000a1c                GPIO_vSetPinMode
 .text.GPIO_vSetPinConfig
                0x0000000008000ba8      0x1a4 ./Src/GPIO_program.o
                0x0000000008000ba8                GPIO_vSetPinConfig
 .text.GPIO_vSetPinValue
                0x0000000008000d4c       0xe0 ./Src/GPIO_program.o
                0x0000000008000d4c                GPIO_vSetPinValue
 .text.I2C_vInit
                0x0000000008000e2c       0x9c ./Src/I2C_program.o
                0x0000000008000e2c                I2C_vInit
 .text.I2C_vStartCond
                0x0000000008000ec8       0x5c ./Src/I2C_program.o
                0x0000000008000ec8                I2C_vStartCond
 .text.I2C_vWriteAddress
                0x0000000008000f24       0x88 ./Src/I2C_program.o
                0x0000000008000f24                I2C_vWriteAddress
 .text.I2C_vWriteData
                0x0000000008000fac       0x88 ./Src/I2C_program.o
                0x0000000008000fac                I2C_vWriteData
 .text.I2C_vStopCond
                0x0000000008001034       0x2c ./Src/I2C_program.o
                0x0000000008001034                I2C_vStopCond
 .text.I2C_u8ReceiveData
                0x0000000008001060       0x64 ./Src/I2C_program.o
                0x0000000008001060                I2C_u8ReceiveData
 .text.MPU6050_vInit
                0x00000000080010c4       0xa4 ./Src/MPU6050_program.o
                0x00000000080010c4                MPU6050_vInit
 .text.MPU6050_vReadRegisterValue
                0x0000000008001168       0x3e ./Src/MPU6050_program.o
                0x0000000008001168                MPU6050_vReadRegisterValue
 .text.MPU6050_vReadAccel_X
                0x00000000080011a6       0x2e ./Src/MPU6050_program.o
                0x00000000080011a6                MPU6050_vReadAccel_X
 .text.MPU6050_vReadAccel_Y
                0x00000000080011d4       0x2e ./Src/MPU6050_program.o
                0x00000000080011d4                MPU6050_vReadAccel_Y
 .text.MPU6050_vReadAccel_Z
                0x0000000008001202       0x2e ./Src/MPU6050_program.o
                0x0000000008001202                MPU6050_vReadAccel_Z
 .text.MPU6050_vReadAccel_ALL
                0x0000000008001230       0x80 ./Src/MPU6050_program.o
                0x0000000008001230                MPU6050_vReadAccel_ALL
 .text.MPU6050_vDetectChange
                0x00000000080012b0      0x190 ./Src/MPU6050_program.o
                0x00000000080012b0                MPU6050_vDetectChange
 .text.RCC_u8InitSysClk
                0x0000000008001440       0x44 ./Src/RCC_program.o
                0x0000000008001440                RCC_u8InitSysClk
 .text.RCC_u8EnablePeripheralClk
                0x0000000008001484       0x7c ./Src/RCC_program.o
                0x0000000008001484                RCC_u8EnablePeripheralClk
 .text.SYSTICK_vSetBusyWait
                0x0000000008001500       0x50 ./Src/SYSTICK_program.o
                0x0000000008001500                SYSTICK_vSetBusyWait
 .text.SysTick_Handler
                0x0000000008001550       0x5c ./Src/SYSTICK_program.o
                0x0000000008001550                SysTick_Handler
 .text._delay_ms
                0x00000000080015ac       0x20 ./Src/SYSTICK_program.o
                0x00000000080015ac                _delay_ms
 .text.USART1_IRQHandler
                0x00000000080015cc       0x24 ./Src/UART_program.o
                0x00000000080015cc                USART1_IRQHandler
 .text.USART2_IRQHandler
                0x00000000080015f0       0x24 ./Src/UART_program.o
                0x00000000080015f0                USART2_IRQHandler
 *fill*         0x0000000008001614        0x4 
 .text.main     0x0000000008001618      0x124 ./Src/main.o
                0x0000000008001618                main
 .text.Reset_Handler
                0x000000000800173c       0x50 ./Startup/startup_stm32f103c6tx.o
                0x000000000800173c                Reset_Handler
 .text.Default_Handler
                0x000000000800178c        0x2 ./Startup/startup_stm32f103c6tx.o
                0x000000000800178c                EXTI2_IRQHandler
                0x000000000800178c                TIM8_TRG_COM_IRQHandler
                0x000000000800178c                TIM8_CC_IRQHandler
                0x000000000800178c                DebugMon_Handler
                0x000000000800178c                TIM1_CC_IRQHandler
                0x000000000800178c                HardFault_Handler
                0x000000000800178c                TIM6_IRQHandler
                0x000000000800178c                PVD_IRQHandler
                0x000000000800178c                SDIO_IRQHandler
                0x000000000800178c                PendSV_Handler
                0x000000000800178c                NMI_Handler
                0x000000000800178c                EXTI3_IRQHandler
                0x000000000800178c                USB_HP_CAN_TX_IRQHandler
                0x000000000800178c                EXTI0_IRQHandler
                0x000000000800178c                I2C2_EV_IRQHandler
                0x000000000800178c                UsageFault_Handler
                0x000000000800178c                ADC1_2_IRQHandler
                0x000000000800178c                SPI1_IRQHandler
                0x000000000800178c                CAN_SCE_IRQHandler
                0x000000000800178c                TAMPER_IRQHandler
                0x000000000800178c                TIM8_UP_IRQHandler
                0x000000000800178c                DMA2_Channel2_IRQHandler
                0x000000000800178c                DMA1_Channel4_IRQHandler
                0x000000000800178c                USART3_IRQHandler
                0x000000000800178c                RTC_IRQHandler
                0x000000000800178c                DMA1_Channel7_IRQHandler
                0x000000000800178c                UART5_IRQHandler
                0x000000000800178c                ADC3_IRQHandler
                0x000000000800178c                TIM4_IRQHandler
                0x000000000800178c                CAN_RX1_IRQHandler
                0x000000000800178c                DMA2_Channel1_IRQHandler
                0x000000000800178c                I2C1_EV_IRQHandler
                0x000000000800178c                DMA1_Channel6_IRQHandler
                0x000000000800178c                UART4_IRQHandler
                0x000000000800178c                TIM3_IRQHandler
                0x000000000800178c                RCC_IRQHandler
                0x000000000800178c                TIM1_TRG_COM_IRQHandler
                0x000000000800178c                DMA1_Channel1_IRQHandler
                0x000000000800178c                Default_Handler
                0x000000000800178c                EXTI15_10_IRQHandler
                0x000000000800178c                TIM7_IRQHandler
                0x000000000800178c                TIM5_IRQHandler
                0x000000000800178c                EXTI9_5_IRQHandler
                0x000000000800178c                SPI2_IRQHandler
                0x000000000800178c                USB_LP_CAN_RX0_IRQHandler
                0x000000000800178c                MemManage_Handler
                0x000000000800178c                SVC_Handler
                0x000000000800178c                DMA1_Channel5_IRQHandler
                0x000000000800178c                EXTI4_IRQHandler
                0x000000000800178c                DMA1_Channel3_IRQHandler
                0x000000000800178c                FSMC_IRQHandler
                0x000000000800178c                TIM1_UP_IRQHandler
                0x000000000800178c                WWDG_IRQHandler
                0x000000000800178c                TIM2_IRQHandler
                0x000000000800178c                TIM1_BRK_IRQHandler
                0x000000000800178c                EXTI1_IRQHandler
                0x000000000800178c                RTCAlarm_IRQHandler
                0x000000000800178c                DMA2_Channel4_5_IRQHandler
                0x000000000800178c                I2C2_ER_IRQHandler
                0x000000000800178c                DMA1_Channel2_IRQHandler
                0x000000000800178c                TIM8_BRK_IRQHandler
                0x000000000800178c                FLASH_IRQHandler
                0x000000000800178c                BusFault_Handler
                0x000000000800178c                SPI3_IRQHandler
                0x000000000800178c                I2C1_ER_IRQHandler
                0x000000000800178c                DMA2_Channel3_IRQHandler
 *fill*         0x000000000800178e        0x2 
 .text.__libc_init_array
                0x0000000008001790       0x48 d:/programs/stm/setup/stm32cubeide_1.10.1/stm32cubeide/plugins/com.st.stm32cube.ide.mcu.externaltools.gnu-tools-for-stm32.10.3-2021.10.win32_1.0.0.202111181127/tools/bin/../lib/gcc/arm-none-eabi/10.3.1/../../../../arm-none-eabi/lib/thumb/v7-m/nofp\libc_nano.a(lib_a-init.o)
                0x0000000008001790                __libc_init_array
 *(.glue_7)
 .glue_7        0x00000000080017d8        0x0 linker stubs
 *(.glue_7t)
 .glue_7t       0x00000000080017d8        0x0 linker stubs
 *(.eh_frame)
 .eh_frame      0x00000000080017d8        0x0 d:/programs/stm/setup/stm32cubeide_1.10.1/stm32cubeide/plugins/com.st.stm32cube.ide.mcu.externaltools.gnu-tools-for-stm32.10.3-2021.10.win32_1.0.0.202111181127/tools/bin/../lib/gcc/arm-none-eabi/10.3.1/thumb/v7-m/nofp/crtbegin.o
 *(.init)
 .init          0x00000000080017d8        0x4 d:/programs/stm/setup/stm32cubeide_1.10.1/stm32cubeide/plugins/com.st.stm32cube.ide.mcu.externaltools.gnu-tools-for-stm32.10.3-2021.10.win32_1.0.0.202111181127/tools/bin/../lib/gcc/arm-none-eabi/10.3.1/thumb/v7-m/nofp/crti.o
                0x00000000080017d8                _init
 .init          0x00000000080017dc        0x8 d:/programs/stm/setup/stm32cubeide_1.10.1/stm32cubeide/plugins/com.st.stm32cube.ide.mcu.externaltools.gnu-tools-for-stm32.10.3-2021.10.win32_1.0.0.202111181127/tools/bin/../lib/gcc/arm-none-eabi/10.3.1/thumb/v7-m/nofp/crtn.o
 *(.fini)
 .fini          0x00000000080017e4        0x4 d:/programs/stm/setup/stm32cubeide_1.10.1/stm32cubeide/plugins/com.st.stm32cube.ide.mcu.externaltools.gnu-tools-for-stm32.10.3-2021.10.win32_1.0.0.202111181127/tools/bin/../lib/gcc/arm-none-eabi/10.3.1/thumb/v7-m/nofp/crti.o
                0x00000000080017e4                _fini
 .fini          0x00000000080017e8        0x8 d:/programs/stm/setup/stm32cubeide_1.10.1/stm32cubeide/plugins/com.st.stm32cube.ide.mcu.externaltools.gnu-tools-for-stm32.10.3-2021.10.win32_1.0.0.202111181127/tools/bin/../lib/gcc/arm-none-eabi/10.3.1/thumb/v7-m/nofp/crtn.o
                0x00000000080017f0                . = ALIGN (0x4)
                0x00000000080017f0                _etext = .

.vfp11_veneer   0x00000000080017f0        0x0
 .vfp11_veneer  0x00000000080017f0        0x0 linker stubs

.v4_bx          0x00000000080017f0        0x0
 .v4_bx         0x00000000080017f0        0x0 linker stubs

.iplt           0x00000000080017f0        0x0
 .iplt          0x00000000080017f0        0x0 d:/programs/stm/setup/stm32cubeide_1.10.1/stm32cubeide/plugins/com.st.stm32cube.ide.mcu.externaltools.gnu-tools-for-stm32.10.3-2021.10.win32_1.0.0.202111181127/tools/bin/../lib/gcc/arm-none-eabi/10.3.1/thumb/v7-m/nofp/crtbegin.o

.rel.dyn        0x00000000080017f0        0x0
 .rel.iplt      0x00000000080017f0        0x0 d:/programs/stm/setup/stm32cubeide_1.10.1/stm32cubeide/plugins/com.st.stm32cube.ide.mcu.externaltools.gnu-tools-for-stm32.10.3-2021.10.win32_1.0.0.202111181127/tools/bin/../lib/gcc/arm-none-eabi/10.3.1/thumb/v7-m/nofp/crtbegin.o

.rodata         0x00000000080017f0        0x0
                0x00000000080017f0                . = ALIGN (0x4)
 *(.rodata)
 *(.rodata*)
                0x00000000080017f0                . = ALIGN (0x4)

.ARM.extab      0x00000000080017f0        0x0
                0x00000000080017f0                . = ALIGN (0x4)
 *(.ARM.extab* .gnu.linkonce.armextab.*)
                0x00000000080017f0                . = ALIGN (0x4)

.ARM            0x00000000080017f0        0x0
                0x00000000080017f0                . = ALIGN (0x4)
                0x00000000080017f0                __exidx_start = .
 *(.ARM.exidx*)
                0x00000000080017f0                __exidx_end = .
                0x00000000080017f0                . = ALIGN (0x4)

.preinit_array  0x00000000080017f0        0x0
                0x00000000080017f0                . = ALIGN (0x4)
                0x00000000080017f0                PROVIDE (__preinit_array_start = .)
 *(.preinit_array*)
                0x00000000080017f0                PROVIDE (__preinit_array_end = .)
                0x00000000080017f0                . = ALIGN (0x4)

.init_array     0x00000000080017f0        0x4
                0x00000000080017f0                . = ALIGN (0x4)
                0x00000000080017f0                PROVIDE (__init_array_start = .)
 *(SORT_BY_NAME(.init_array.*))
 *(.init_array*)
 .init_array    0x00000000080017f0        0x4 d:/programs/stm/setup/stm32cubeide_1.10.1/stm32cubeide/plugins/com.st.stm32cube.ide.mcu.externaltools.gnu-tools-for-stm32.10.3-2021.10.win32_1.0.0.202111181127/tools/bin/../lib/gcc/arm-none-eabi/10.3.1/thumb/v7-m/nofp/crtbegin.o
                0x00000000080017f4                PROVIDE (__init_array_end = .)
                0x00000000080017f4                . = ALIGN (0x4)

.fini_array     0x00000000080017f4        0x4
                0x00000000080017f4                . = ALIGN (0x4)
                [!provide]                        PROVIDE (__fini_array_start = .)
 *(SORT_BY_NAME(.fini_array.*))
 *(.fini_array*)
 .fini_array    0x00000000080017f4        0x4 d:/programs/stm/setup/stm32cubeide_1.10.1/stm32cubeide/plugins/com.st.stm32cube.ide.mcu.externaltools.gnu-tools-for-stm32.10.3-2021.10.win32_1.0.0.202111181127/tools/bin/../lib/gcc/arm-none-eabi/10.3.1/thumb/v7-m/nofp/crtbegin.o
                [!provide]                        PROVIDE (__fini_array_end = .)
                0x00000000080017f8                . = ALIGN (0x4)
                0x00000000080017f8                _sidata = LOADADDR (.data)

.data           0x0000000020000000        0x0 load address 0x00000000080017f8
                0x0000000020000000                . = ALIGN (0x4)
                0x0000000020000000                _sdata = .
 *(.data)
 *(.data*)
 *(.RamFunc)
 *(.RamFunc*)
                0x0000000020000000                . = ALIGN (0x4)
                0x0000000020000000                _edata = .

.igot.plt       0x0000000020000000        0x0 load address 0x00000000080017f8
 .igot.plt      0x0000000020000000        0x0 d:/programs/stm/setup/stm32cubeide_1.10.1/stm32cubeide/plugins/com.st.stm32cube.ide.mcu.externaltools.gnu-tools-for-stm32.10.3-2021.10.win32_1.0.0.202111181127/tools/bin/../lib/gcc/arm-none-eabi/10.3.1/thumb/v7-m/nofp/crtbegin.o
                0x0000000020000000                . = ALIGN (0x4)

.bss            0x0000000020000000       0x2c load address 0x00000000080017f8
                0x0000000020000000                _sbss = .
                0x0000000020000000                __bss_start__ = _sbss
 *(.bss)
 .bss           0x0000000020000000       0x1c d:/programs/stm/setup/stm32cubeide_1.10.1/stm32cubeide/plugins/com.st.stm32cube.ide.mcu.externaltools.gnu-tools-for-stm32.10.3-2021.10.win32_1.0.0.202111181127/tools/bin/../lib/gcc/arm-none-eabi/10.3.1/thumb/v7-m/nofp/crtbegin.o
 *(.bss*)
 .bss.STK_CallBack
                0x000000002000001c        0x4 ./Src/SYSTICK_program.o
                0x000000002000001c                STK_CallBack
 .bss.STK_Mode  0x0000000020000020        0x4 ./Src/SYSTICK_program.o
 .bss.GP_UART_1
                0x0000000020000024        0x4 ./Src/UART_program.o
                0x0000000020000024                GP_UART_1
 .bss.GP_UART_2
                0x0000000020000028        0x4 ./Src/UART_program.o
                0x0000000020000028                GP_UART_2
 *(COMMON)
                0x000000002000002c                . = ALIGN (0x4)
                0x000000002000002c                _ebss = .
                0x000000002000002c                __bss_end__ = _ebss

._user_heap_stack
                0x000000002000002c      0x604 load address 0x00000000080017f8
                0x0000000020000030                . = ALIGN (0x8)
 *fill*         0x000000002000002c        0x4 
                [!provide]                        PROVIDE (end = .)
                0x0000000020000030                PROVIDE (_end = .)
                0x0000000020000230                . = (. + _Min_Heap_Size)
 *fill*         0x0000000020000030      0x200 
                0x0000000020000630                . = (. + _Min_Stack_Size)
 *fill*         0x0000000020000230      0x400 
                0x0000000020000630                . = ALIGN (0x8)

/DISCARD/
 libc.a(*)
 libm.a(*)
 libgcc.a(*)

.ARM.attributes
                0x0000000000000000       0x29
 *(.ARM.attributes)
 .ARM.attributes
                0x0000000000000000       0x1d d:/programs/stm/setup/stm32cubeide_1.10.1/stm32cubeide/plugins/com.st.stm32cube.ide.mcu.externaltools.gnu-tools-for-stm32.10.3-2021.10.win32_1.0.0.202111181127/tools/bin/../lib/gcc/arm-none-eabi/10.3.1/thumb/v7-m/nofp/crti.o
 .ARM.attributes
                0x000000000000001d       0x2d d:/programs/stm/setup/stm32cubeide_1.10.1/stm32cubeide/plugins/com.st.stm32cube.ide.mcu.externaltools.gnu-tools-for-stm32.10.3-2021.10.win32_1.0.0.202111181127/tools/bin/../lib/gcc/arm-none-eabi/10.3.1/thumb/v7-m/nofp/crtbegin.o
 .ARM.attributes
                0x000000000000004a       0x2d ./Src/GPIO_program.o
 .ARM.attributes
                0x0000000000000077       0x2d ./Src/I2C_program.o
 .ARM.attributes
                0x00000000000000a4       0x2d ./Src/MPU6050_program.o
 .ARM.attributes
                0x00000000000000d1       0x2d ./Src/RCC_program.o
 .ARM.attributes
                0x00000000000000fe       0x2d ./Src/SYSTICK_program.o
 .ARM.attributes
                0x000000000000012b       0x2d ./Src/UART_program.o
 .ARM.attributes
                0x0000000000000158       0x2d ./Src/main.o
 .ARM.attributes
                0x0000000000000185       0x21 ./Startup/startup_stm32f103c6tx.o
 .ARM.attributes
                0x00000000000001a6       0x2d d:/programs/stm/setup/stm32cubeide_1.10.1/stm32cubeide/plugins/com.st.stm32cube.ide.mcu.externaltools.gnu-tools-for-stm32.10.3-2021.10.win32_1.0.0.202111181127/tools/bin/../lib/gcc/arm-none-eabi/10.3.1/../../../../arm-none-eabi/lib/thumb/v7-m/nofp\libc_nano.a(lib_a-init.o)
 .ARM.attributes
                0x00000000000001d3       0x1d d:/programs/stm/setup/stm32cubeide_1.10.1/stm32cubeide/plugins/com.st.stm32cube.ide.mcu.externaltools.gnu-tools-for-stm32.10.3-2021.10.win32_1.0.0.202111181127/tools/bin/../lib/gcc/arm-none-eabi/10.3.1/thumb/v7-m/nofp\libgcc.a(_arm_addsubdf3.o)
 .ARM.attributes
                0x00000000000001f0       0x1d d:/programs/stm/setup/stm32cubeide_1.10.1/stm32cubeide/plugins/com.st.stm32cube.ide.mcu.externaltools.gnu-tools-for-stm32.10.3-2021.10.win32_1.0.0.202111181127/tools/bin/../lib/gcc/arm-none-eabi/10.3.1/thumb/v7-m/nofp\libgcc.a(_arm_muldivdf3.o)
 .ARM.attributes
                0x000000000000020d       0x1d d:/programs/stm/setup/stm32cubeide_1.10.1/stm32cubeide/plugins/com.st.stm32cube.ide.mcu.externaltools.gnu-tools-for-stm32.10.3-2021.10.win32_1.0.0.202111181127/tools/bin/../lib/gcc/arm-none-eabi/10.3.1/thumb/v7-m/nofp\libgcc.a(_arm_cmpdf2.o)
 .ARM.attributes
                0x000000000000022a       0x1d d:/programs/stm/setup/stm32cubeide_1.10.1/stm32cubeide/plugins/com.st.stm32cube.ide.mcu.externaltools.gnu-tools-for-stm32.10.3-2021.10.win32_1.0.0.202111181127/tools/bin/../lib/gcc/arm-none-eabi/10.3.1/thumb/v7-m/nofp/crtn.o
OUTPUT(_sensors_.elf elf32-littlearm)
LOAD linker stubs
LOAD d:/programs/stm/setup/stm32cubeide_1.10.1/stm32cubeide/plugins/com.st.stm32cube.ide.mcu.externaltools.gnu-tools-for-stm32.10.3-2021.10.win32_1.0.0.202111181127/tools/bin/../lib/gcc/arm-none-eabi/10.3.1/../../../../arm-none-eabi/lib/thumb/v7-m/nofp\libc.a
LOAD d:/programs/stm/setup/stm32cubeide_1.10.1/stm32cubeide/plugins/com.st.stm32cube.ide.mcu.externaltools.gnu-tools-for-stm32.10.3-2021.10.win32_1.0.0.202111181127/tools/bin/../lib/gcc/arm-none-eabi/10.3.1/../../../../arm-none-eabi/lib/thumb/v7-m/nofp\libm.a
LOAD d:/programs/stm/setup/stm32cubeide_1.10.1/stm32cubeide/plugins/com.st.stm32cube.ide.mcu.externaltools.gnu-tools-for-stm32.10.3-2021.10.win32_1.0.0.202111181127/tools/bin/../lib/gcc/arm-none-eabi/10.3.1/thumb/v7-m/nofp\libgcc.a

.debug_info     0x0000000000000000     0x12f0
 .debug_info    0x0000000000000000      0x2c4 ./Src/GPIO_program.o
 .debug_info    0x00000000000002c4      0x3a2 ./Src/I2C_program.o
 .debug_info    0x0000000000000666      0x394 ./Src/MPU6050_program.o
 .debug_info    0x00000000000009fa      0x1a0 ./Src/RCC_program.o
 .debug_info    0x0000000000000b9a      0x26a ./Src/SYSTICK_program.o
 .debug_info    0x0000000000000e04      0x2ed ./Src/UART_program.o
 .debug_info    0x00000000000010f1      0x1dd ./Src/main.o
 .debug_info    0x00000000000012ce       0x22 ./Startup/startup_stm32f103c6tx.o

.debug_abbrev   0x0000000000000000      0x73f
 .debug_abbrev  0x0000000000000000       0xfb ./Src/GPIO_program.o
 .debug_abbrev  0x00000000000000fb      0x122 ./Src/I2C_program.o
 .debug_abbrev  0x000000000000021d      0x124 ./Src/MPU6050_program.o
 .debug_abbrev  0x0000000000000341       0xb0 ./Src/RCC_program.o
 .debug_abbrev  0x00000000000003f1      0x11e ./Src/SYSTICK_program.o
 .debug_abbrev  0x000000000000050f      0x13a ./Src/UART_program.o
 .debug_abbrev  0x0000000000000649       0xe4 ./Src/main.o
 .debug_abbrev  0x000000000000072d       0x12 ./Startup/startup_stm32f103c6tx.o

.debug_aranges  0x0000000000000000      0x240
 .debug_aranges
                0x0000000000000000       0x50 ./Src/GPIO_program.o
 .debug_aranges
                0x0000000000000050       0x50 ./Src/I2C_program.o
 .debug_aranges
                0x00000000000000a0       0x70 ./Src/MPU6050_program.o
 .debug_aranges
                0x0000000000000110       0x30 ./Src/RCC_program.o
 .debug_aranges
                0x0000000000000140       0x60 ./Src/SYSTICK_program.o
 .debug_aranges
                0x00000000000001a0       0x58 ./Src/UART_program.o
 .debug_aranges
                0x00000000000001f8       0x20 ./Src/main.o
 .debug_aranges
                0x0000000000000218       0x28 ./Startup/startup_stm32f103c6tx.o

.debug_ranges   0x0000000000000000      0x1c8
 .debug_ranges  0x0000000000000000       0x40 ./Src/GPIO_program.o
 .debug_ranges  0x0000000000000040       0x40 ./Src/I2C_program.o
 .debug_ranges  0x0000000000000080       0x60 ./Src/MPU6050_program.o
 .debug_ranges  0x00000000000000e0       0x20 ./Src/RCC_program.o
 .debug_ranges  0x0000000000000100       0x50 ./Src/SYSTICK_program.o
 .debug_ranges  0x0000000000000150       0x48 ./Src/UART_program.o
 .debug_ranges  0x0000000000000198       0x10 ./Src/main.o
 .debug_ranges  0x00000000000001a8       0x20 ./Startup/startup_stm32f103c6tx.o

.debug_macro    0x0000000000000000     0x21ea
 .debug_macro   0x0000000000000000       0x51 ./Src/GPIO_program.o
 .debug_macro   0x0000000000000051      0xa72 ./Src/GPIO_program.o
 .debug_macro   0x0000000000000ac3       0x1c ./Src/GPIO_program.o
 .debug_macro   0x0000000000000adf       0x2e ./Src/GPIO_program.o
 .debug_macro   0x0000000000000b0d      0x184 ./Src/GPIO_program.o
 .debug_macro   0x0000000000000c91       0x2e ./Src/GPIO_program.o
 .debug_macro   0x0000000000000cbf       0x10 ./Src/GPIO_program.o
 .debug_macro   0x0000000000000ccf      0x14e ./Src/GPIO_program.o
 .debug_macro   0x0000000000000e1d       0x6d ./Src/I2C_program.o
 .debug_macro   0x0000000000000e8a       0x16 ./Src/I2C_program.o
 .debug_macro   0x0000000000000ea0       0x16 ./Src/I2C_program.o
 .debug_macro   0x0000000000000eb6       0xd0 ./Src/I2C_program.o
 .debug_macro   0x0000000000000f86       0x3a ./Src/I2C_program.o
 .debug_macro   0x0000000000000fc0      0x106 ./Src/MPU6050_program.o
 .debug_macro   0x00000000000010c6      0x1f6 ./Src/MPU6050_program.o
 .debug_macro   0x00000000000012bc       0x10 ./Src/MPU6050_program.o
 .debug_macro   0x00000000000012cc       0x22 ./Src/MPU6050_program.o
 .debug_macro   0x00000000000012ee       0x4c ./Src/MPU6050_program.o
 .debug_macro   0x000000000000133a       0x18 ./Src/MPU6050_program.o
 .debug_macro   0x0000000000001352       0x94 ./Src/MPU6050_program.o
 .debug_macro   0x00000000000013e6       0x3c ./Src/MPU6050_program.o
 .debug_macro   0x0000000000001422       0x34 ./Src/MPU6050_program.o
 .debug_macro   0x0000000000001456      0x174 ./Src/MPU6050_program.o
 .debug_macro   0x00000000000015ca       0x16 ./Src/MPU6050_program.o
 .debug_macro   0x00000000000015e0       0x43 ./Src/MPU6050_program.o
 .debug_macro   0x0000000000001623       0x57 ./Src/MPU6050_program.o
 .debug_macro   0x000000000000167a       0x34 ./Src/MPU6050_program.o
 .debug_macro   0x00000000000016ae       0x10 ./Src/MPU6050_program.o
 .debug_macro   0x00000000000016be       0x58 ./Src/MPU6050_program.o
 .debug_macro   0x0000000000001716       0x71 ./Src/MPU6050_program.o
 .debug_macro   0x0000000000001787       0x1c ./Src/MPU6050_program.o
 .debug_macro   0x00000000000017a3      0x12a ./Src/MPU6050_program.o
 .debug_macro   0x00000000000018cd      0x341 ./Src/MPU6050_program.o
 .debug_macro   0x0000000000001c0e      0x19b ./Src/MPU6050_program.o
 .debug_macro   0x0000000000001da9       0x48 ./Src/RCC_program.o
 .debug_macro   0x0000000000001df1       0x28 ./Src/RCC_program.o
 .debug_macro   0x0000000000001e19       0x10 ./Src/RCC_program.o
 .debug_macro   0x0000000000001e29       0x3e ./Src/SYSTICK_program.o
 .debug_macro   0x0000000000001e67       0x16 ./Src/SYSTICK_program.o
 .debug_macro   0x0000000000001e7d       0x10 ./Src/SYSTICK_program.o
 .debug_macro   0x0000000000001e8d       0x6a ./Src/UART_program.o
 .debug_macro   0x0000000000001ef7       0x82 ./Src/UART_program.o
 .debug_macro   0x0000000000001f79       0x22 ./Src/UART_program.o
 .debug_macro   0x0000000000001f9b      0x124 ./Src/UART_program.o
 .debug_macro   0x00000000000020bf      0x12b ./Src/main.o

.debug_line     0x0000000000000000     0x1c52
 .debug_line    0x0000000000000000      0x4dd ./Src/GPIO_program.o
 .debug_line    0x00000000000004dd      0x286 ./Src/I2C_program.o
 .debug_line    0x0000000000000763      0x86a ./Src/MPU6050_program.o
 .debug_line    0x0000000000000fcd      0x113 ./Src/RCC_program.o
 .debug_line    0x00000000000010e0      0x1e3 ./Src/SYSTICK_program.o
 .debug_line    0x00000000000012c3      0x27a ./Src/UART_program.o
 .debug_line    0x000000000000153d      0x691 ./Src/main.o
 .debug_line    0x0000000000001bce       0x84 ./Startup/startup_stm32f103c6tx.o

.debug_str      0x0000000000000000     0x888a
 .debug_str     0x0000000000000000     0x3645 ./Src/GPIO_program.o
                                       0x36c3 (size before relaxing)
 .debug_str     0x0000000000003645      0x491 ./Src/I2C_program.o
                                       0x3978 (size before relaxing)
 .debug_str     0x0000000000003ad6     0x433d ./Src/MPU6050_program.o
                                       0x7394 (size before relaxing)
 .debug_str     0x0000000000007e13      0x14c ./Src/RCC_program.o
                                       0x3258 (size before relaxing)
 .debug_str     0x0000000000007f5f      0x1d3 ./Src/SYSTICK_program.o
                                       0x30a9 (size before relaxing)
 .debug_str     0x0000000000008132      0x70b ./Src/UART_program.o
                                       0x3bfd (size before relaxing)
 .debug_str     0x000000000000883d       0x1c ./Src/main.o
                                       0x7485 (size before relaxing)
 .debug_str     0x0000000000008859       0x31 ./Startup/startup_stm32f103c6tx.o
                                         0x73 (size before relaxing)

.comment        0x0000000000000000       0x50
 .comment       0x0000000000000000       0x50 ./Src/GPIO_program.o
                                         0x51 (size before relaxing)
 .comment       0x0000000000000050       0x51 ./Src/I2C_program.o
 .comment       0x0000000000000050       0x51 ./Src/MPU6050_program.o
 .comment       0x0000000000000050       0x51 ./Src/RCC_program.o
 .comment       0x0000000000000050       0x51 ./Src/SYSTICK_program.o
 .comment       0x0000000000000050       0x51 ./Src/UART_program.o
 .comment       0x0000000000000050       0x51 ./Src/main.o

.debug_frame    0x0000000000000000      0x8f8
 .debug_frame   0x0000000000000000      0x124 ./Src/GPIO_program.o
 .debug_frame   0x0000000000000124      0x118 ./Src/I2C_program.o
 .debug_frame   0x000000000000023c      0x194 ./Src/MPU6050_program.o
 .debug_frame   0x00000000000003d0       0x80 ./Src/RCC_program.o
 .debug_frame   0x0000000000000450      0x164 ./Src/SYSTICK_program.o
 .debug_frame   0x00000000000005b4      0x128 ./Src/UART_program.o
 .debug_frame   0x00000000000006dc       0x30 ./Src/main.o
 .debug_frame   0x000000000000070c       0x2c d:/programs/stm/setup/stm32cubeide_1.10.1/stm32cubeide/plugins/com.st.stm32cube.ide.mcu.externaltools.gnu-tools-for-stm32.10.3-2021.10.win32_1.0.0.202111181127/tools/bin/../lib/gcc/arm-none-eabi/10.3.1/../../../../arm-none-eabi/lib/thumb/v7-m/nofp\libc_nano.a(lib_a-init.o)
 .debug_frame   0x0000000000000738       0xac d:/programs/stm/setup/stm32cubeide_1.10.1/stm32cubeide/plugins/com.st.stm32cube.ide.mcu.externaltools.gnu-tools-for-stm32.10.3-2021.10.win32_1.0.0.202111181127/tools/bin/../lib/gcc/arm-none-eabi/10.3.1/thumb/v7-m/nofp\libgcc.a(_arm_addsubdf3.o)
 .debug_frame   0x00000000000007e4       0x50 d:/programs/stm/setup/stm32cubeide_1.10.1/stm32cubeide/plugins/com.st.stm32cube.ide.mcu.externaltools.gnu-tools-for-stm32.10.3-2021.10.win32_1.0.0.202111181127/tools/bin/../lib/gcc/arm-none-eabi/10.3.1/thumb/v7-m/nofp\libgcc.a(_arm_muldivdf3.o)
 .debug_frame   0x0000000000000834       0xc4 d:/programs/stm/setup/stm32cubeide_1.10.1/stm32cubeide/plugins/com.st.stm32cube.ide.mcu.externaltools.gnu-tools-for-stm32.10.3-2021.10.win32_1.0.0.202111181127/tools/bin/../lib/gcc/arm-none-eabi/10.3.1/thumb/v7-m/nofp\libgcc.a(_arm_cmpdf2.o)
