Archive member included to satisfy reference by file (symbol)

c:/st/stm32cubeide_1.12.0/stm32cubeide/plugins/com.st.stm32cube.ide.mcu.externaltools.gnu-tools-for-stm32.10.3-2021.10.win32_1.0.200.202301161003/tools/bin/../lib/gcc/arm-none-eabi/10.3.1/../../../../arm-none-eabi/lib/thumb/v7-m/nofp\libc_nano.a(lib_a-errno.o)
                              ./Core/Src/syscalls.o (__errno)
c:/st/stm32cubeide_1.12.0/stm32cubeide/plugins/com.st.stm32cube.ide.mcu.externaltools.gnu-tools-for-stm32.10.3-2021.10.win32_1.0.200.202301161003/tools/bin/../lib/gcc/arm-none-eabi/10.3.1/../../../../arm-none-eabi/lib/thumb/v7-m/nofp\libc_nano.a(lib_a-exit.o)
                              c:/st/stm32cubeide_1.12.0/stm32cubeide/plugins/com.st.stm32cube.ide.mcu.externaltools.gnu-tools-for-stm32.10.3-2021.10.win32_1.0.200.202301161003/tools/bin/../lib/gcc/arm-none-eabi/10.3.1/../../../../arm-none-eabi/lib/thumb/v7-m/nofp/crt0.o (exit)
c:/st/stm32cubeide_1.12.0/stm32cubeide/plugins/com.st.stm32cube.ide.mcu.externaltools.gnu-tools-for-stm32.10.3-2021.10.win32_1.0.200.202301161003/tools/bin/../lib/gcc/arm-none-eabi/10.3.1/../../../../arm-none-eabi/lib/thumb/v7-m/nofp\libc_nano.a(lib_a-impure.o)
                              c:/st/stm32cubeide_1.12.0/stm32cubeide/plugins/com.st.stm32cube.ide.mcu.externaltools.gnu-tools-for-stm32.10.3-2021.10.win32_1.0.200.202301161003/tools/bin/../lib/gcc/arm-none-eabi/10.3.1/../../../../arm-none-eabi/lib/thumb/v7-m/nofp\libc_nano.a(lib_a-exit.o) (_global_impure_ptr)
c:/st/stm32cubeide_1.12.0/stm32cubeide/plugins/com.st.stm32cube.ide.mcu.externaltools.gnu-tools-for-stm32.10.3-2021.10.win32_1.0.200.202301161003/tools/bin/../lib/gcc/arm-none-eabi/10.3.1/../../../../arm-none-eabi/lib/thumb/v7-m/nofp\libc_nano.a(lib_a-init.o)
                              c:/st/stm32cubeide_1.12.0/stm32cubeide/plugins/com.st.stm32cube.ide.mcu.externaltools.gnu-tools-for-stm32.10.3-2021.10.win32_1.0.200.202301161003/tools/bin/../lib/gcc/arm-none-eabi/10.3.1/../../../../arm-none-eabi/lib/thumb/v7-m/nofp/crt0.o (__libc_init_array)
c:/st/stm32cubeide_1.12.0/stm32cubeide/plugins/com.st.stm32cube.ide.mcu.externaltools.gnu-tools-for-stm32.10.3-2021.10.win32_1.0.200.202301161003/tools/bin/../lib/gcc/arm-none-eabi/10.3.1/../../../../arm-none-eabi/lib/thumb/v7-m/nofp\libc_nano.a(lib_a-memset.o)
                              c:/st/stm32cubeide_1.12.0/stm32cubeide/plugins/com.st.stm32cube.ide.mcu.externaltools.gnu-tools-for-stm32.10.3-2021.10.win32_1.0.200.202301161003/tools/bin/../lib/gcc/arm-none-eabi/10.3.1/../../../../arm-none-eabi/lib/thumb/v7-m/nofp/crt0.o (memset)

Discarded input sections

 .text          0x0000000000000000        0x0 c:/st/stm32cubeide_1.12.0/stm32cubeide/plugins/com.st.stm32cube.ide.mcu.externaltools.gnu-tools-for-stm32.10.3-2021.10.win32_1.0.200.202301161003/tools/bin/../lib/gcc/arm-none-eabi/10.3.1/thumb/v7-m/nofp/crti.o
 .data          0x0000000000000000        0x0 c:/st/stm32cubeide_1.12.0/stm32cubeide/plugins/com.st.stm32cube.ide.mcu.externaltools.gnu-tools-for-stm32.10.3-2021.10.win32_1.0.200.202301161003/tools/bin/../lib/gcc/arm-none-eabi/10.3.1/thumb/v7-m/nofp/crti.o
 .bss           0x0000000000000000        0x0 c:/st/stm32cubeide_1.12.0/stm32cubeide/plugins/com.st.stm32cube.ide.mcu.externaltools.gnu-tools-for-stm32.10.3-2021.10.win32_1.0.200.202301161003/tools/bin/../lib/gcc/arm-none-eabi/10.3.1/thumb/v7-m/nofp/crti.o
 .data          0x0000000000000000        0x4 c:/st/stm32cubeide_1.12.0/stm32cubeide/plugins/com.st.stm32cube.ide.mcu.externaltools.gnu-tools-for-stm32.10.3-2021.10.win32_1.0.200.202301161003/tools/bin/../lib/gcc/arm-none-eabi/10.3.1/thumb/v7-m/nofp/crtbegin.o
 .rodata        0x0000000000000000       0x24 c:/st/stm32cubeide_1.12.0/stm32cubeide/plugins/com.st.stm32cube.ide.mcu.externaltools.gnu-tools-for-stm32.10.3-2021.10.win32_1.0.200.202301161003/tools/bin/../lib/gcc/arm-none-eabi/10.3.1/thumb/v7-m/nofp/crtbegin.o
 .text          0x0000000000000000       0x7c c:/st/stm32cubeide_1.12.0/stm32cubeide/plugins/com.st.stm32cube.ide.mcu.externaltools.gnu-tools-for-stm32.10.3-2021.10.win32_1.0.200.202301161003/tools/bin/../lib/gcc/arm-none-eabi/10.3.1/../../../../arm-none-eabi/lib/thumb/v7-m/nofp/crt0.o
 .data          0x0000000000000000        0x0 c:/st/stm32cubeide_1.12.0/stm32cubeide/plugins/com.st.stm32cube.ide.mcu.externaltools.gnu-tools-for-stm32.10.3-2021.10.win32_1.0.200.202301161003/tools/bin/../lib/gcc/arm-none-eabi/10.3.1/../../../../arm-none-eabi/lib/thumb/v7-m/nofp/crt0.o
 .bss           0x0000000000000000        0x0 c:/st/stm32cubeide_1.12.0/stm32cubeide/plugins/com.st.stm32cube.ide.mcu.externaltools.gnu-tools-for-stm32.10.3-2021.10.win32_1.0.200.202301161003/tools/bin/../lib/gcc/arm-none-eabi/10.3.1/../../../../arm-none-eabi/lib/thumb/v7-m/nofp/crt0.o
[...]
Memory Configuration

Name             Origin             Length             Attributes
RAM              0x0000000020000000 0x0000000000002800 xrw
FLASH            0x0000000008000000 0x0000000000008000 xr
*default*        0x0000000000000000 0xffffffffffffffff

Linker script and memory map

LOAD c:/st/stm32cubeide_1.12.0/stm32cubeide/plugins/com.st.stm32cube.ide.mcu.externaltools.gnu-tools-for-stm32.10.3-2021.10.win32_1.0.200.202301161003/tools/bin/../lib/gcc/arm-none-eabi/10.3.1/thumb/v7-m/nofp/crti.o
LOAD c:/st/stm32cubeide_1.12.0/stm32cubeide/plugins/com.st.stm32cube.ide.mcu.externaltools.gnu-tools-for-stm32.10.3-2021.10.win32_1.0.200.202301161003/tools/bin/../lib/gcc/arm-none-eabi/10.3.1/thumb/v7-m/nofp/crtbegin.o
LOAD c:/st/stm32cubeide_1.12.0/stm32cubeide/plugins/com.st.stm32cube.ide.mcu.externaltools.gnu-tools-for-stm32.10.3-2021.10.win32_1.0.200.202301161003/tools/bin/../lib/gcc/arm-none-eabi/10.3.1/../../../../arm-none-eabi/lib/thumb/v7-m/nofp/crt0.o
LOAD ./Core/Src/NRF24l01.o
LOAD ./Core/Src/main.o
LOAD ./Core/Src/stm32f1xx_hal_msp.o
LOAD ./Core/Src/stm32f1xx_it.o
LOAD ./Core/Src/syscalls.o
LOAD ./Core/Src/sysmem.o
LOAD ./Core/Src/system_stm32f1xx.o
LOAD ./Core/Startup/startup_stm32f103c6tx.o
LOAD ./Drivers/STM32F1xx_HAL_Driver/Src/stm32f1xx_hal.o
LOAD ./Drivers/STM32F1xx_HAL_Driver/Src/stm32f1xx_hal_cortex.o
LOAD ./Drivers/STM32F1xx_HAL_Driver/Src/stm32f1xx_hal_dma.o
LOAD ./Drivers/STM32F1xx_HAL_Driver/Src/stm32f1xx_hal_exti.o
LOAD ./Drivers/STM32F1xx_HAL_Driver/Src/stm32f1xx_hal_flash.o
LOAD ./Drivers/STM32F1xx_HAL_Driver/Src/stm32f1xx_hal_flash_ex.o
LOAD ./Drivers/STM32F1xx_HAL_Driver/Src/stm32f1xx_hal_gpio.o
LOAD ./Drivers/STM32F1xx_HAL_Driver/Src/stm32f1xx_hal_gpio_ex.o
LOAD ./Drivers/STM32F1xx_HAL_Driver/Src/stm32f1xx_hal_pwr.o
LOAD ./Drivers/STM32F1xx_HAL_Driver/Src/stm32f1xx_hal_rcc.o
LOAD ./Drivers/STM32F1xx_HAL_Driver/Src/stm32f1xx_hal_rcc_ex.o
LOAD ./Drivers/STM32F1xx_HAL_Driver/Src/stm32f1xx_hal_spi.o
LOAD ./Drivers/STM32F1xx_HAL_Driver/Src/stm32f1xx_hal_uart.o
START GROUP
LOAD c:/st/stm32cubeide_1.12.0/stm32cubeide/plugins/com.st.stm32cube.ide.mcu.externaltools.gnu-tools-for-stm32.10.3-2021.10.win32_1.0.200.202301161003/tools/bin/../lib/gcc/arm-none-eabi/10.3.1/../../../../arm-none-eabi/lib/thumb/v7-m/nofp\libc_nano.a
LOAD c:/st/stm32cubeide_1.12.0/stm32cubeide/plugins/com.st.stm32cube.ide.mcu.externaltools.gnu-tools-for-stm32.10.3-2021.10.win32_1.0.200.202301161003/tools/bin/../lib/gcc/arm-none-eabi/10.3.1/../../../../arm-none-eabi/lib/thumb/v7-m/nofp\libm.a
END GROUP
START GROUP
LOAD c:/st/stm32cubeide_1.12.0/stm32cubeide/plugins/com.st.stm32cube.ide.mcu.externaltools.gnu-tools-for-stm32.10.3-2021.10.win32_1.0.200.202301161003/tools/bin/../lib/gcc/arm-none-eabi/10.3.1/thumb/v7-m/nofp\libgcc.a
LOAD c:/st/stm32cubeide_1.12.0/stm32cubeide/plugins/com.st.stm32cube.ide.mcu.externaltools.gnu-tools-for-stm32.10.3-2021.10.win32_1.0.200.202301161003/tools/bin/../lib/gcc/arm-none-eabi/10.3.1/../../../../arm-none-eabi/lib/thumb/v7-m/nofp\libc_nano.a
END GROUP
START GROUP
LOAD c:/st/stm32cubeide_1.12.0/stm32cubeide/plugins/com.st.stm32cube.ide.mcu.externaltools.gnu-tools-for-stm32.10.3-2021.10.win32_1.0.200.202301161003/tools/bin/../lib/gcc/arm-none-eabi/10.3.1/thumb/v7-m/nofp\libgcc.a
LOAD c:/st/stm32cubeide_1.12.0/stm32cubeide/plugins/com.st.stm32cube.ide.mcu.externaltools.gnu-tools-for-stm32.10.3-2021.10.win32_1.0.200.202301161003/tools/bin/../lib/gcc/arm-none-eabi/10.3.1/../../../../arm-none-eabi/lib/thumb/v7-m/nofp\libc_nano.a
LOAD c:/st/stm32cubeide_1.12.0/stm32cubeide/plugins/com.st.stm32cube.ide.mcu.externaltools.gnu-tools-for-stm32.10.3-2021.10.win32_1.0.200.202301161003/tools/bin/../lib/gcc/arm-none-eabi/10.3.1/../../../../arm-none-eabi/lib/thumb/v7-m/nofp\libnosys.a
END GROUP
START GROUP
LOAD c:/st/stm32cubeide_1.12.0/stm32cubeide/plugins/com.st.stm32cube.ide.mcu.externaltools.gnu-tools-for-stm32.10.3-2021.10.win32_1.0.200.202301161003/tools/bin/../lib/gcc/arm-none-eabi/10.3.1/thumb/v7-m/nofp\libgcc.a
LOAD c:/st/stm32cubeide_1.12.0/stm32cubeide/plugins/com.st.stm32cube.ide.mcu.externaltools.gnu-tools-for-stm32.10.3-2021.10.win32_1.0.200.202301161003/tools/bin/../lib/gcc/arm-none-eabi/10.3.1/../../../../arm-none-eabi/lib/thumb/v7-m/nofp\libc_nano.a
LOAD c:/st/stm32cubeide_1.12.0/stm32cubeide/plugins/com.st.stm32cube.ide.mcu.externaltools.gnu-tools-for-stm32.10.3-2021.10.win32_1.0.200.202301161003/tools/bin/../lib/gcc/arm-none-eabi/10.3.1/../../../../arm-none-eabi/lib/thumb/v7-m/nofp\libnosys.a
END GROUP
LOAD c:/st/stm32cubeide_1.12.0/stm32cubeide/plugins/com.st.stm32cube.ide.mcu.externaltools.gnu-tools-for-stm32.10.3-2021.10.win32_1.0.200.202301161003/tools/bin/../lib/gcc/arm-none-eabi/10.3.1/thumb/v7-m/nofp/crtend.o
LOAD c:/st/stm32cubeide_1.12.0/stm32cubeide/plugins/com.st.stm32cube.ide.mcu.externaltools.gnu-tools-for-stm32.10.3-2021.10.win32_1.0.200.202301161003/tools/bin/../lib/gcc/arm-none-eabi/10.3.1/thumb/v7-m/nofp/crtn.o
                0x0000000020002800                _estack = (ORIGIN (RAM) + LENGTH (RAM))
                0x0000000000000200                _Min_Heap_Size = 0x200
                0x0000000000000400                _Min_Stack_Size = 0x400

.isr_vector     0x0000000008000000      0x10c
                0x0000000008000000                . = ALIGN (0x4)
 *(.isr_vector)
 .isr_vector    0x0000000008000000      0x10c ./Core/Startup/startup_stm32f103c6tx.o
                0x0000000008000000                g_pfnVectors
                0x000000000800010c                . = ALIGN (0x4)

.text           0x000000000800010c     0x2530
                0x000000000800010c                . = ALIGN (0x4)
 *(.text)
 .text          0x000000000800010c       0x40 c:/st/stm32cubeide_1.12.0/stm32cubeide/plugins/com.st.stm32cube.ide.mcu.externaltools.gnu-tools-for-stm32.10.3-2021.10.win32_1.0.200.202301161003/tools/bin/../lib/gcc/arm-none-eabi/10.3.1/thumb/v7-m/nofp/crtbegin.o
 *(.text*)
 .text.CS_Select
                0x000000000800014c       0x18 ./Core/Src/NRF24l01.o
                0x000000000800014c                CS_Select
 .text.CS_UnSelect
                0x0000000008000164       0x18 ./Core/Src/NRF24l01.o
                0x0000000008000164                CS_UnSelect
 .text.CE_Enable
                0x000000000800017c       0x18 ./Core/Src/NRF24l01.o
                0x000000000800017c                CE_Enable
 .text.CE_Disable
                0x0000000008000194       0x18 ./Core/Src/NRF24l01.o
                0x0000000008000194                CE_Disable
 .text.nrf24_WriteReg
                0x00000000080001ac       0x44 ./Core/Src/NRF24l01.o
                0x00000000080001ac                nrf24_WriteReg
 .text.nrf24_WriteRegMulti
                0x00000000080001f0       0x4c ./Core/Src/NRF24l01.o
                0x00000000080001f0                nrf24_WriteRegMulti
 .text.nrf24_ReadReg
                0x000000000800023c       0x40 ./Core/Src/NRF24l01.o
                0x000000000800023c                nrf24_ReadReg
 .text.nrf24_ReadReg_Multi
                0x000000000800027c       0x40 ./Core/Src/NRF24l01.o
                0x000000000800027c                nrf24_ReadReg_Multi
 .text.nrfsendCmd
                0x00000000080002bc       0x2c ./Core/Src/NRF24l01.o
                0x00000000080002bc                nrfsendCmd
 .text.nrf24_reset
                0x00000000080002e8      0x14c ./Core/Src/NRF24l01.o
                0x00000000080002e8                nrf24_reset
 .text.NRF24_Init
                0x0000000008000434       0x4e ./Core/Src/NRF24l01.o
                0x0000000008000434                NRF24_Init
 .text.NRF24_RxMode
                0x0000000008000482       0x7e ./Core/Src/NRF24l01.o
                0x0000000008000482                NRF24_RxMode
 .text.isDataAvailable
                0x0000000008000500       0x3e ./Core/Src/NRF24l01.o
                0x0000000008000500                isDataAvailable
 *fill*         0x000000000800053e        0x2 
 .text.NRF24_Receive
                0x0000000008000540       0x54 ./Core/Src/NRF24l01.o
                0x0000000008000540                NRF24_Receive
 .text.NRF24_ReadAll
                0x0000000008000594       0xcc ./Core/Src/NRF24l01.o
                0x0000000008000594                NRF24_ReadAll
 .text.main     0x0000000008000660       0x64 ./Core/Src/main.o
                0x0000000008000660                main
 .text.SystemClock_Config
                0x00000000080006c4       0x7e ./Core/Src/main.o
                0x00000000080006c4                SystemClock_Config
 *fill*         0x0000000008000742        0x2 
 .text.MX_SPI1_Init
                0x0000000008000744       0x6c ./Core/Src/main.o
 .text.MX_USART1_UART_Init
                0x00000000080007b0       0x54 ./Core/Src/main.o
 .text.MX_GPIO_Init
                0x0000000008000804       0xbc ./Core/Src/main.o
 .text.Error_Handler
                0x00000000080008c0        0xa ./Core/Src/main.o
                0x00000000080008c0                Error_Handler
 *fill*         0x00000000080008ca        0x2 
 .text.HAL_MspInit
                0x00000000080008cc       0x44 ./Core/Src/stm32f1xx_hal_msp.o
                0x00000000080008cc                HAL_MspInit
 .text.HAL_SPI_MspInit
                0x0000000008000910       0x94 ./Core/Src/stm32f1xx_hal_msp.o
                0x0000000008000910                HAL_SPI_MspInit
 .text.HAL_UART_MspInit
                0x00000000080009a4       0x98 ./Core/Src/stm32f1xx_hal_msp.o
                0x00000000080009a4                HAL_UART_MspInit
 .text.NMI_Handler
                0x0000000008000a3c        0x6 ./Core/Src/stm32f1xx_it.o
                0x0000000008000a3c                NMI_Handler
 .text.HardFault_Handler
                0x0000000008000a42        0x6 ./Core/Src/stm32f1xx_it.o
                0x0000000008000a42                HardFault_Handler
 .text.MemManage_Handler
                0x0000000008000a48        0x6 ./Core/Src/stm32f1xx_it.o
                0x0000000008000a48                MemManage_Handler
 .text.BusFault_Handler
                0x0000000008000a4e        0x6 ./Core/Src/stm32f1xx_it.o
                0x0000000008000a4e                BusFault_Handler
 .text.UsageFault_Handler
                0x0000000008000a54        0x6 ./Core/Src/stm32f1xx_it.o
                0x0000000008000a54                UsageFault_Handler
 .text.SVC_Handler
                0x0000000008000a5a        0xc ./Core/Src/stm32f1xx_it.o
                0x0000000008000a5a                SVC_Handler
 .text.DebugMon_Handler
                0x0000000008000a66        0xc ./Core/Src/stm32f1xx_it.o
                0x0000000008000a66                DebugMon_Handler
 .text.PendSV_Handler
                0x0000000008000a72        0xc ./Core/Src/stm32f1xx_it.o
                0x0000000008000a72                PendSV_Handler
 .text.SysTick_Handler
                0x0000000008000a7e        0xc ./Core/Src/stm32f1xx_it.o
                0x0000000008000a7e                SysTick_Handler
 .text.SystemInit
                0x0000000008000a8a        0xc ./Core/Src/system_stm32f1xx.o
                0x0000000008000a8a                SystemInit
 *fill*         0x0000000008000a96        0x2 
 .text.Reset_Handler
                0x0000000008000a98       0x48 ./Core/Startup/startup_stm32f103c6tx.o
                0x0000000008000a98                Reset_Handler
 .text.Default_Handler
                0x0000000008000ae0        0x2 ./Core/Startup/startup_stm32f103c6tx.o
                0x0000000008000ae0                RTC_Alarm_IRQHandler
                0x0000000008000ae0                EXTI2_IRQHandler
                0x0000000008000ae0                TIM1_CC_IRQHandler
                0x0000000008000ae0                PVD_IRQHandler
                0x0000000008000ae0                EXTI3_IRQHandler
                0x0000000008000ae0                EXTI0_IRQHandler
                0x0000000008000ae0                ADC1_2_IRQHandler
                0x0000000008000ae0                SPI1_IRQHandler
                0x0000000008000ae0                TAMPER_IRQHandler
                0x0000000008000ae0                DMA1_Channel4_IRQHandler
                0x0000000008000ae0                RTC_IRQHandler
                0x0000000008000ae0                DMA1_Channel7_IRQHandler
                0x0000000008000ae0                CAN1_RX1_IRQHandler
                0x0000000008000ae0                I2C1_EV_IRQHandler
                0x0000000008000ae0                DMA1_Channel6_IRQHandler
                0x0000000008000ae0                TIM3_IRQHandler
                0x0000000008000ae0                RCC_IRQHandler
                0x0000000008000ae0                TIM1_TRG_COM_IRQHandler
                0x0000000008000ae0                DMA1_Channel1_IRQHandler
                0x0000000008000ae0                Default_Handler
                0x0000000008000ae0                EXTI15_10_IRQHandler
                0x0000000008000ae0                EXTI9_5_IRQHandler
                0x0000000008000ae0                DMA1_Channel5_IRQHandler
                0x0000000008000ae0                EXTI4_IRQHandler
                0x0000000008000ae0                USB_LP_CAN1_RX0_IRQHandler
                0x0000000008000ae0                USB_HP_CAN1_TX_IRQHandler
                0x0000000008000ae0                DMA1_Channel3_IRQHandler
                0x0000000008000ae0                TIM1_UP_IRQHandler
                0x0000000008000ae0                WWDG_IRQHandler
                0x0000000008000ae0                TIM2_IRQHandler
                0x0000000008000ae0                TIM1_BRK_IRQHandler
                0x0000000008000ae0                EXTI1_IRQHandler
                0x0000000008000ae0                USART2_IRQHandler
                0x0000000008000ae0                DMA1_Channel2_IRQHandler
                0x0000000008000ae0                CAN1_SCE_IRQHandler
                0x0000000008000ae0                FLASH_IRQHandler
                0x0000000008000ae0                USART1_IRQHandler
                0x0000000008000ae0                I2C1_ER_IRQHandler
                0x0000000008000ae0                USBWakeUp_IRQHandler
 *fill*         0x0000000008000ae2        0x2 
 .text.HAL_Init
                0x0000000008000ae4       0x2c ./Drivers/STM32F1xx_HAL_Driver/Src/stm32f1xx_hal.o
                0x0000000008000ae4                HAL_Init
 .text.HAL_InitTick
                0x0000000008000b10       0x60 ./Drivers/STM32F1xx_HAL_Driver/Src/stm32f1xx_hal.o
                0x0000000008000b10                HAL_InitTick
 .text.HAL_IncTick
                0x0000000008000b70       0x24 ./Drivers/STM32F1xx_HAL_Driver/Src/stm32f1xx_hal.o
                0x0000000008000b70                HAL_IncTick
 .text.HAL_GetTick
                0x0000000008000b94       0x14 ./Drivers/STM32F1xx_HAL_Driver/Src/stm32f1xx_hal.o
                0x0000000008000b94                HAL_GetTick
 .text.HAL_Delay
                0x0000000008000ba8       0x48 ./Drivers/STM32F1xx_HAL_Driver/Src/stm32f1xx_hal.o
                0x0000000008000ba8                HAL_Delay
 .text.__NVIC_SetPriorityGrouping
                0x0000000008000bf0       0x48 ./Drivers/STM32F1xx_HAL_Driver/Src/stm32f1xx_hal_cortex.o
 .text.__NVIC_GetPriorityGrouping
                0x0000000008000c38       0x1c ./Drivers/STM32F1xx_HAL_Driver/Src/stm32f1xx_hal_cortex.o
 .text.__NVIC_SetPriority
                0x0000000008000c54       0x54 ./Drivers/STM32F1xx_HAL_Driver/Src/stm32f1xx_hal_cortex.o
 .text.NVIC_EncodePriority
                0x0000000008000ca8       0x64 ./Drivers/STM32F1xx_HAL_Driver/Src/stm32f1xx_hal_cortex.o
 .text.SysTick_Config
                0x0000000008000d0c       0x44 ./Drivers/STM32F1xx_HAL_Driver/Src/stm32f1xx_hal_cortex.o
 .text.HAL_NVIC_SetPriorityGrouping
                0x0000000008000d50       0x16 ./Drivers/STM32F1xx_HAL_Driver/Src/stm32f1xx_hal_cortex.o
                0x0000000008000d50                HAL_NVIC_SetPriorityGrouping
 .text.HAL_NVIC_SetPriority
                0x0000000008000d66       0x38 ./Drivers/STM32F1xx_HAL_Driver/Src/stm32f1xx_hal_cortex.o
                0x0000000008000d66                HAL_NVIC_SetPriority
 .text.HAL_SYSTICK_Config
                0x0000000008000d9e       0x18 ./Drivers/STM32F1xx_HAL_Driver/Src/stm32f1xx_hal_cortex.o
                0x0000000008000d9e                HAL_SYSTICK_Config
 *fill*         0x0000000008000db6        0x2 
 .text.HAL_GPIO_Init
                0x0000000008000db8      0x2f8 ./Drivers/STM32F1xx_HAL_Driver/Src/stm32f1xx_hal_gpio.o
                0x0000000008000db8                HAL_GPIO_Init
 .text.HAL_GPIO_WritePin
                0x00000000080010b0       0x30 ./Drivers/STM32F1xx_HAL_Driver/Src/stm32f1xx_hal_gpio.o
                0x00000000080010b0                HAL_GPIO_WritePin
 .text.HAL_RCC_OscConfig
                0x00000000080010e0      0x504 ./Drivers/STM32F1xx_HAL_Driver/Src/stm32f1xx_hal_rcc.o
                0x00000000080010e0                HAL_RCC_OscConfig
 .text.HAL_RCC_ClockConfig
                0x00000000080015e4      0x1d4 ./Drivers/STM32F1xx_HAL_Driver/Src/stm32f1xx_hal_rcc.o
                0x00000000080015e4                HAL_RCC_ClockConfig
 .text.HAL_RCC_GetSysClockFreq
                0x00000000080017b8       0xa8 ./Drivers/STM32F1xx_HAL_Driver/Src/stm32f1xx_hal_rcc.o
                0x00000000080017b8                HAL_RCC_GetSysClockFreq
 .text.HAL_RCC_GetHCLKFreq
                0x0000000008001860       0x14 ./Drivers/STM32F1xx_HAL_Driver/Src/stm32f1xx_hal_rcc.o
                0x0000000008001860                HAL_RCC_GetHCLKFreq
 .text.HAL_RCC_GetPCLK1Freq
                0x0000000008001874       0x28 ./Drivers/STM32F1xx_HAL_Driver/Src/stm32f1xx_hal_rcc.o
                0x0000000008001874                HAL_RCC_GetPCLK1Freq
 .text.HAL_RCC_GetPCLK2Freq
                0x000000000800189c       0x28 ./Drivers/STM32F1xx_HAL_Driver/Src/stm32f1xx_hal_rcc.o
                0x000000000800189c                HAL_RCC_GetPCLK2Freq
 .text.RCC_Delay
                0x00000000080018c4       0x3c ./Drivers/STM32F1xx_HAL_Driver/Src/stm32f1xx_hal_rcc.o
 .text.HAL_SPI_Init
                0x0000000008001900      0x108 ./Drivers/STM32F1xx_HAL_Driver/Src/stm32f1xx_hal_spi.o
                0x0000000008001900                HAL_SPI_Init
 .text.HAL_SPI_Transmit
                0x0000000008001a08      0x286 ./Drivers/STM32F1xx_HAL_Driver/Src/stm32f1xx_hal_spi.o
                0x0000000008001a08                HAL_SPI_Transmit
 .text.HAL_SPI_Receive
                0x0000000008001c8e      0x230 ./Drivers/STM32F1xx_HAL_Driver/Src/stm32f1xx_hal_spi.o
                0x0000000008001c8e                HAL_SPI_Receive
 .text.HAL_SPI_TransmitReceive
                0x0000000008001ebe      0x360 ./Drivers/STM32F1xx_HAL_Driver/Src/stm32f1xx_hal_spi.o
                0x0000000008001ebe                HAL_SPI_TransmitReceive
 *fill*         0x000000000800221e        0x2 
 .text.SPI_WaitFlagStateUntilTimeout
                0x0000000008002220      0x110 ./Drivers/STM32F1xx_HAL_Driver/Src/stm32f1xx_hal_spi.o
 .text.SPI_EndRxTransaction
                0x0000000008002330       0xa4 ./Drivers/STM32F1xx_HAL_Driver/Src/stm32f1xx_hal_spi.o
 .text.SPI_EndRxTxTransaction
                0x00000000080023d4       0x3c ./Drivers/STM32F1xx_HAL_Driver/Src/stm32f1xx_hal_spi.o
 .text.HAL_UART_Init
                0x0000000008002410       0xa0 ./Drivers/STM32F1xx_HAL_Driver/Src/stm32f1xx_hal_uart.o
                0x0000000008002410                HAL_UART_Init
 .text.UART_SetConfig
                0x00000000080024b0      0x11c ./Drivers/STM32F1xx_HAL_Driver/Src/stm32f1xx_hal_uart.o
 .text.__libc_init_array
                0x00000000080025cc       0x48 c:/st/stm32cubeide_1.12.0/stm32cubeide/plugins/com.st.stm32cube.ide.mcu.externaltools.gnu-tools-for-stm32.10.3-2021.10.win32_1.0.200.202301161003/tools/bin/../lib/gcc/arm-none-eabi/10.3.1/../../../../arm-none-eabi/lib/thumb/v7-m/nofp\libc_nano.a(lib_a-init.o)
                0x00000000080025cc                __libc_init_array
 .text.memset   0x0000000008002614       0x10 c:/st/stm32cubeide_1.12.0/stm32cubeide/plugins/com.st.stm32cube.ide.mcu.externaltools.gnu-tools-for-stm32.10.3-2021.10.win32_1.0.200.202301161003/tools/bin/../lib/gcc/arm-none-eabi/10.3.1/../../../../arm-none-eabi/lib/thumb/v7-m/nofp\libc_nano.a(lib_a-memset.o)
                0x0000000008002614                memset
 *(.glue_7)
 .glue_7        0x0000000008002624        0x0 linker stubs
 *(.glue_7t)
 .glue_7t       0x0000000008002624        0x0 linker stubs
 *(.eh_frame)
 .eh_frame      0x0000000008002624        0x0 c:/st/stm32cubeide_1.12.0/stm32cubeide/plugins/com.st.stm32cube.ide.mcu.externaltools.gnu-tools-for-stm32.10.3-2021.10.win32_1.0.200.202301161003/tools/bin/../lib/gcc/arm-none-eabi/10.3.1/thumb/v7-m/nofp/crtbegin.o
 *(.init)
 .init          0x0000000008002624        0x4 c:/st/stm32cubeide_1.12.0/stm32cubeide/plugins/com.st.stm32cube.ide.mcu.externaltools.gnu-tools-for-stm32.10.3-2021.10.win32_1.0.200.202301161003/tools/bin/../lib/gcc/arm-none-eabi/10.3.1/thumb/v7-m/nofp/crti.o
                0x0000000008002624                _init
 .init          0x0000000008002628        0x8 c:/st/stm32cubeide_1.12.0/stm32cubeide/plugins/com.st.stm32cube.ide.mcu.externaltools.gnu-tools-for-stm32.10.3-2021.10.win32_1.0.200.202301161003/tools/bin/../lib/gcc/arm-none-eabi/10.3.1/thumb/v7-m/nofp/crtn.o
 *(.fini)
 .fini          0x0000000008002630        0x4 c:/st/stm32cubeide_1.12.0/stm32cubeide/plugins/com.st.stm32cube.ide.mcu.externaltools.gnu-tools-for-stm32.10.3-2021.10.win32_1.0.200.202301161003/tools/bin/../lib/gcc/arm-none-eabi/10.3.1/thumb/v7-m/nofp/crti.o
                0x0000000008002630                _fini
 .fini          0x0000000008002634        0x8 c:/st/stm32cubeide_1.12.0/stm32cubeide/plugins/com.st.stm32cube.ide.mcu.externaltools.gnu-tools-for-stm32.10.3-2021.10.win32_1.0.200.202301161003/tools/bin/../lib/gcc/arm-none-eabi/10.3.1/thumb/v7-m/nofp/crtn.o
                0x000000000800263c                . = ALIGN (0x4)
                0x000000000800263c                _etext = .

.vfp11_veneer   0x000000000800263c        0x0
 .vfp11_veneer  0x000000000800263c        0x0 linker stubs

.v4_bx          0x000000000800263c        0x0
 .v4_bx         0x000000000800263c        0x0 linker stubs

.iplt           0x000000000800263c        0x0
 .iplt          0x000000000800263c        0x0 c:/st/stm32cubeide_1.12.0/stm32cubeide/plugins/com.st.stm32cube.ide.mcu.externaltools.gnu-tools-for-stm32.10.3-2021.10.win32_1.0.200.202301161003/tools/bin/../lib/gcc/arm-none-eabi/10.3.1/thumb/v7-m/nofp/crtbegin.o

.rodata         0x000000000800263c       0x3c
                0x000000000800263c                . = ALIGN (0x4)
 *(.rodata)
 .rodata        0x000000000800263c        0xd ./Core/Src/NRF24l01.o
 *(.rodata*)
 *fill*         0x0000000008002649        0x3 
 .rodata.AHBPrescTable
                0x000000000800264c       0x10 ./Core/Src/system_stm32f1xx.o
                0x000000000800264c                AHBPrescTable
 .rodata.APBPrescTable
                0x000000000800265c        0x8 ./Core/Src/system_stm32f1xx.o
                0x000000000800265c                APBPrescTable
 .rodata.aPLLMULFactorTable.1
                0x0000000008002664       0x10 ./Drivers/STM32F1xx_HAL_Driver/Src/stm32f1xx_hal_rcc.o
 .rodata.aPredivFactorTable.0
                0x0000000008002674        0x2 ./Drivers/STM32F1xx_HAL_Driver/Src/stm32f1xx_hal_rcc.o
                0x0000000008002678                . = ALIGN (0x4)
 *fill*         0x0000000008002676        0x2 

.rel.dyn        0x0000000008002678        0x0
 .rel.iplt      0x0000000008002678        0x0 c:/st/stm32cubeide_1.12.0/stm32cubeide/plugins/com.st.stm32cube.ide.mcu.externaltools.gnu-tools-for-stm32.10.3-2021.10.win32_1.0.200.202301161003/tools/bin/../lib/gcc/arm-none-eabi/10.3.1/thumb/v7-m/nofp/crtbegin.o

.ARM.extab      0x0000000008002678        0x0
                0x0000000008002678                . = ALIGN (0x4)
 *(.ARM.extab* .gnu.linkonce.armextab.*)
                0x0000000008002678                . = ALIGN (0x4)

.ARM            0x0000000008002678        0x0
                0x0000000008002678                . = ALIGN (0x4)
                0x0000000008002678                __exidx_start = .
 *(.ARM.exidx*)
                0x0000000008002678                __exidx_end = .
                0x0000000008002678                . = ALIGN (0x4)

.preinit_array  0x0000000008002678        0x0
                0x0000000008002678                . = ALIGN (0x4)
                0x0000000008002678                PROVIDE (__preinit_array_start = .)
 *(.preinit_array*)
                0x0000000008002678                PROVIDE (__preinit_array_end = .)
                0x0000000008002678                . = ALIGN (0x4)

.init_array     0x0000000008002678        0x4
                0x0000000008002678                . = ALIGN (0x4)
                0x0000000008002678                PROVIDE (__init_array_start = .)
 *(SORT_BY_NAME(.init_array.*))
 *(.init_array*)
 .init_array    0x0000000008002678        0x4 c:/st/stm32cubeide_1.12.0/stm32cubeide/plugins/com.st.stm32cube.ide.mcu.externaltools.gnu-tools-for-stm32.10.3-2021.10.win32_1.0.200.202301161003/tools/bin/../lib/gcc/arm-none-eabi/10.3.1/thumb/v7-m/nofp/crtbegin.o
                0x000000000800267c                PROVIDE (__init_array_end = .)
                0x000000000800267c                . = ALIGN (0x4)

.fini_array     0x000000000800267c        0x4
                0x000000000800267c                . = ALIGN (0x4)
                [!provide]                        PROVIDE (__fini_array_start = .)
 *(SORT_BY_NAME(.fini_array.*))
 *(.fini_array*)
 .fini_array    0x000000000800267c        0x4 c:/st/stm32cubeide_1.12.0/stm32cubeide/plugins/com.st.stm32cube.ide.mcu.externaltools.gnu-tools-for-stm32.10.3-2021.10.win32_1.0.200.202301161003/tools/bin/../lib/gcc/arm-none-eabi/10.3.1/thumb/v7-m/nofp/crtbegin.o
                [!provide]                        PROVIDE (__fini_array_end = .)
                0x0000000008002680                . = ALIGN (0x4)
                0x0000000008002680                _sidata = LOADADDR (.data)

.data           0x0000000020000000       0x14 load address 0x0000000008002680
                0x0000000020000000                . = ALIGN (0x4)
                0x0000000020000000                _sdata = .
 *(.data)
 *(.data*)
 .data.RxAddress
                0x0000000020000000        0x5 ./Core/Src/main.o
                0x0000000020000000                RxAddress
 *fill*         0x0000000020000005        0x3 
 .data.SystemCoreClock
                0x0000000020000008        0x4 ./Core/Src/system_stm32f1xx.o
                0x0000000020000008                SystemCoreClock
 .data.uwTickPrio
                0x000000002000000c        0x4 ./Drivers/STM32F1xx_HAL_Driver/Src/stm32f1xx_hal.o
                0x000000002000000c                uwTickPrio
 .data.uwTickFreq
                0x0000000020000010        0x1 ./Drivers/STM32F1xx_HAL_Driver/Src/stm32f1xx_hal.o
                0x0000000020000010                uwTickFreq
 *(.RamFunc)
 *(.RamFunc*)
                0x0000000020000014                . = ALIGN (0x4)
 *fill*         0x0000000020000011        0x3 
                0x0000000020000014                _edata = .

.igot.plt       0x0000000020000014        0x0 load address 0x0000000008002694
 .igot.plt      0x0000000020000014        0x0 c:/st/stm32cubeide_1.12.0/stm32cubeide/plugins/com.st.stm32cube.ide.mcu.externaltools.gnu-tools-for-stm32.10.3-2021.10.win32_1.0.200.202301161003/tools/bin/../lib/gcc/arm-none-eabi/10.3.1/thumb/v7-m/nofp/crtbegin.o
                0x0000000020000014                . = ALIGN (0x4)

.bss            0x0000000020000014      0x114 load address 0x0000000008002694
                0x0000000020000014                _sbss = .
                0x0000000020000014                __bss_start__ = _sbss
 *(.bss)
 .bss           0x0000000020000014       0x1c c:/st/stm32cubeide_1.12.0/stm32cubeide/plugins/com.st.stm32cube.ide.mcu.externaltools.gnu-tools-for-stm32.10.3-2021.10.win32_1.0.200.202301161003/tools/bin/../lib/gcc/arm-none-eabi/10.3.1/thumb/v7-m/nofp/crtbegin.o
 *(.bss*)
 .bss.hspi1     0x0000000020000030       0x58 ./Core/Src/main.o
                0x0000000020000030                hspi1
 .bss.huart1    0x0000000020000088       0x48 ./Core/Src/main.o
                0x0000000020000088                huart1
 .bss.RxData    0x00000000200000d0       0x20 ./Core/Src/main.o
                0x00000000200000d0                RxData
 .bss.data      0x00000000200000f0       0x32 ./Core/Src/main.o
                0x00000000200000f0                data
 *fill*         0x0000000020000122        0x2 
 .bss.uwTick    0x0000000020000124        0x4 ./Drivers/STM32F1xx_HAL_Driver/Src/stm32f1xx_hal.o
                0x0000000020000124                uwTick
 *(COMMON)
                0x0000000020000128                . = ALIGN (0x4)
                0x0000000020000128                _ebss = .
                0x0000000020000128                __bss_end__ = _ebss

._user_heap_stack
                0x0000000020000128      0x600 load address 0x0000000008002694
                0x0000000020000128                . = ALIGN (0x8)
                [!provide]                        PROVIDE (end = .)
                0x0000000020000128                PROVIDE (_end = .)
                0x0000000020000328                . = (. + _Min_Heap_Size)
 *fill*         0x0000000020000128      0x200 
                0x0000000020000728                . = (. + _Min_Stack_Size)
 *fill*         0x0000000020000328      0x400 
                0x0000000020000728                . = ALIGN (0x8)

/DISCARD/
 libc.a(*)
 libm.a(*)
 libgcc.a(*)

.ARM.attributes
                0x0000000000000000       0x29
 *(.ARM.attributes)
 .ARM.attributes
                0x0000000000000000       0x1d c:/st/stm32cubeide_1.12.0/stm32cubeide/plugins/com.st.stm32cube.ide.mcu.externaltools.gnu-tools-for-stm32.10.3-2021.10.win32_1.0.200.202301161003/tools/bin/../lib/gcc/arm-none-eabi/10.3.1/thumb/v7-m/nofp/crti.o
 .ARM.attributes
                0x000000000000001d       0x2d c:/st/stm32cubeide_1.12.0/stm32cubeide/plugins/com.st.stm32cube.ide.mcu.externaltools.gnu-tools-for-stm32.10.3-2021.10.win32_1.0.200.202301161003/tools/bin/../lib/gcc/arm-none-eabi/10.3.1/thumb/v7-m/nofp/crtbegin.o
 .ARM.attributes
                0x000000000000004a       0x2d ./Core/Src/NRF24l01.o
 .ARM.attributes
                0x0000000000000077       0x2d ./Core/Src/main.o
 .ARM.attributes
                0x00000000000000a4       0x2d ./Core/Src/stm32f1xx_hal_msp.o
 .ARM.attributes
                0x00000000000000d1       0x2d ./Core/Src/stm32f1xx_it.o
 .ARM.attributes
                0x00000000000000fe       0x2d ./Core/Src/system_stm32f1xx.o
 .ARM.attributes
                0x000000000000012b       0x21 ./Core/Startup/startup_stm32f103c6tx.o
 .ARM.attributes
                0x000000000000014c       0x2d ./Drivers/STM32F1xx_HAL_Driver/Src/stm32f1xx_hal.o
 .ARM.attributes
                0x0000000000000179       0x2d ./Drivers/STM32F1xx_HAL_Driver/Src/stm32f1xx_hal_cortex.o
 .ARM.attributes
                0x00000000000001a6       0x2d ./Drivers/STM32F1xx_HAL_Driver/Src/stm32f1xx_hal_gpio.o
 .ARM.attributes
                0x00000000000001d3       0x2d ./Drivers/STM32F1xx_HAL_Driver/Src/stm32f1xx_hal_rcc.o
 .ARM.attributes
                0x0000000000000200       0x2d ./Drivers/STM32F1xx_HAL_Driver/Src/stm32f1xx_hal_spi.o
 .ARM.attributes
                0x000000000000022d       0x2d ./Drivers/STM32F1xx_HAL_Driver/Src/stm32f1xx_hal_uart.o
 .ARM.attributes
                0x000000000000025a       0x2d c:/st/stm32cubeide_1.12.0/stm32cubeide/plugins/com.st.stm32cube.ide.mcu.externaltools.gnu-tools-for-stm32.10.3-2021.10.win32_1.0.200.202301161003/tools/bin/../lib/gcc/arm-none-eabi/10.3.1/../../../../arm-none-eabi/lib/thumb/v7-m/nofp\libc_nano.a(lib_a-init.o)
 .ARM.attributes
                0x0000000000000287       0x2d c:/st/stm32cubeide_1.12.0/stm32cubeide/plugins/com.st.stm32cube.ide.mcu.externaltools.gnu-tools-for-stm32.10.3-2021.10.win32_1.0.200.202301161003/tools/bin/../lib/gcc/arm-none-eabi/10.3.1/../../../../arm-none-eabi/lib/thumb/v7-m/nofp\libc_nano.a(lib_a-memset.o)
 .ARM.attributes
                0x00000000000002b4       0x1d c:/st/stm32cubeide_1.12.0/stm32cubeide/plugins/com.st.stm32cube.ide.mcu.externaltools.gnu-tools-for-stm32.10.3-2021.10.win32_1.0.200.202301161003/tools/bin/../lib/gcc/arm-none-eabi/10.3.1/thumb/v7-m/nofp/crtn.o
OUTPUT(RX.elf elf32-littlearm)
LOAD linker stubs
LOAD c:/st/stm32cubeide_1.12.0/stm32cubeide/plugins/com.st.stm32cube.ide.mcu.externaltools.gnu-tools-for-stm32.10.3-2021.10.win32_1.0.200.202301161003/tools/bin/../lib/gcc/arm-none-eabi/10.3.1/../../../../arm-none-eabi/lib/thumb/v7-m/nofp\libc.a
LOAD c:/st/stm32cubeide_1.12.0/stm32cubeide/plugins/com.st.stm32cube.ide.mcu.externaltools.gnu-tools-for-stm32.10.3-2021.10.win32_1.0.200.202301161003/tools/bin/../lib/gcc/arm-none-eabi/10.3.1/../../../../arm-none-eabi/lib/thumb/v7-m/nofp\libm.a
LOAD c:/st/stm32cubeide_1.12.0/stm32cubeide/plugins/com.st.stm32cube.ide.mcu.externaltools.gnu-tools-for-stm32.10.3-2021.10.win32_1.0.200.202301161003/tools/bin/../lib/gcc/arm-none-eabi/10.3.1/thumb/v7-m/nofp\libgcc.a

.debug_info     0x0000000000000000     0x8f1b
 .debug_info    0x0000000000000000      0xaa5 ./Core/Src/NRF24l01.o
 .debug_info    0x0000000000000aa5      0xd6d ./Core/Src/main.o
 .debug_info    0x0000000000001812      0xae7 ./Core/Src/stm32f1xx_hal_msp.o
 .debug_info    0x00000000000022f9      0x122 ./Core/Src/stm32f1xx_it.o
 .debug_info    0x000000000000241b      0x23d ./Core/Src/system_stm32f1xx.o
 .debug_info    0x0000000000002658       0x22 ./Core/Startup/startup_stm32f103c6tx.o
 .debug_info    0x000000000000267a      0x716 ./Drivers/STM32F1xx_HAL_Driver/Src/stm32f1xx_hal.o
 .debug_info    0x0000000000002d90      0xb02 ./Drivers/STM32F1xx_HAL_Driver/Src/stm32f1xx_hal_cortex.o
 .debug_info    0x0000000000003892      0x615 ./Drivers/STM32F1xx_HAL_Driver/Src/stm32f1xx_hal_gpio.o
 .debug_info    0x0000000000003ea7      0x865 ./Drivers/STM32F1xx_HAL_Driver/Src/stm32f1xx_hal_rcc.o
 .debug_info    0x000000000000470c     0x165d ./Drivers/STM32F1xx_HAL_Driver/Src/stm32f1xx_hal_spi.o
 .debug_info    0x0000000000005d69     0x31b2 ./Drivers/STM32F1xx_HAL_Driver/Src/stm32f1xx_hal_uart.o

.debug_abbrev   0x0000000000000000     0x16c7
 .debug_abbrev  0x0000000000000000      0x280 ./Core/Src/NRF24l01.o
 .debug_abbrev  0x0000000000000280      0x265 ./Core/Src/main.o
 .debug_abbrev  0x00000000000004e5      0x189 ./Core/Src/stm32f1xx_hal_msp.o
 .debug_abbrev  0x000000000000066e       0x74 ./Core/Src/stm32f1xx_it.o
 .debug_abbrev  0x00000000000006e2      0x13b ./Core/Src/system_stm32f1xx.o
 .debug_abbrev  0x000000000000081d       0x12 ./Core/Startup/startup_stm32f103c6tx.o
 .debug_abbrev  0x000000000000082f      0x1fb ./Drivers/STM32F1xx_HAL_Driver/Src/stm32f1xx_hal.o
 .debug_abbrev  0x0000000000000a2a      0x2ed ./Drivers/STM32F1xx_HAL_Driver/Src/stm32f1xx_hal_cortex.o
 .debug_abbrev  0x0000000000000d17      0x1bb ./Drivers/STM32F1xx_HAL_Driver/Src/stm32f1xx_hal_gpio.o
 .debug_abbrev  0x0000000000000ed2      0x2a8 ./Drivers/STM32F1xx_HAL_Driver/Src/stm32f1xx_hal_rcc.o
 .debug_abbrev  0x000000000000117a      0x26e ./Drivers/STM32F1xx_HAL_Driver/Src/stm32f1xx_hal_spi.o
 .debug_abbrev  0x00000000000013e8      0x2df ./Drivers/STM32F1xx_HAL_Driver/Src/stm32f1xx_hal_uart.o

.debug_aranges  0x0000000000000000      0x878
 .debug_aranges
                0x0000000000000000       0xa0 ./Core/Src/NRF24l01.o
 .debug_aranges
                0x00000000000000a0       0x48 ./Core/Src/main.o
 .debug_aranges
                0x00000000000000e8       0x40 ./Core/Src/stm32f1xx_hal_msp.o
 .debug_aranges
                0x0000000000000128       0x60 ./Core/Src/stm32f1xx_it.o
 .debug_aranges
                0x0000000000000188       0x28 ./Core/Src/system_stm32f1xx.o
 .debug_aranges
                0x00000000000001b0       0x28 ./Core/Startup/startup_stm32f103c6tx.o
 .debug_aranges
                0x00000000000001d8       0xe0 ./Drivers/STM32F1xx_HAL_Driver/Src/stm32f1xx_hal.o
 .debug_aranges
                0x00000000000002b8      0x100 ./Drivers/STM32F1xx_HAL_Driver/Src/stm32f1xx_hal_cortex.o
 .debug_aranges
                0x00000000000003b8       0x58 ./Drivers/STM32F1xx_HAL_Driver/Src/stm32f1xx_hal_gpio.o
 .debug_aranges
                0x0000000000000410       0x90 ./Drivers/STM32F1xx_HAL_Driver/Src/stm32f1xx_hal_rcc.o
 .debug_aranges
                0x00000000000004a0      0x1d0 ./Drivers/STM32F1xx_HAL_Driver/Src/stm32f1xx_hal_spi.o
 .debug_aranges
                0x0000000000000670      0x208 ./Drivers/STM32F1xx_HAL_Driver/Src/stm32f1xx_hal_uart.o

.debug_ranges   0x0000000000000000      0x7f0
 .debug_ranges  0x0000000000000000       0x90 ./Core/Src/NRF24l01.o
 .debug_ranges  0x0000000000000090       0x38 ./Core/Src/main.o
 .debug_ranges  0x00000000000000c8       0x30 ./Core/Src/stm32f1xx_hal_msp.o
 .debug_ranges  0x00000000000000f8       0x50 ./Core/Src/stm32f1xx_it.o
 .debug_ranges  0x0000000000000148       0x18 ./Core/Src/system_stm32f1xx.o
 .debug_ranges  0x0000000000000160       0x20 ./Core/Startup/startup_stm32f103c6tx.o
 .debug_ranges  0x0000000000000180       0xd0 ./Drivers/STM32F1xx_HAL_Driver/Src/stm32f1xx_hal.o
 .debug_ranges  0x0000000000000250       0xf0 ./Drivers/STM32F1xx_HAL_Driver/Src/stm32f1xx_hal_cortex.o
 .debug_ranges  0x0000000000000340       0x48 ./Drivers/STM32F1xx_HAL_Driver/Src/stm32f1xx_hal_gpio.o
 .debug_ranges  0x0000000000000388       0x80 ./Drivers/STM32F1xx_HAL_Driver/Src/stm32f1xx_hal_rcc.o
 .debug_ranges  0x0000000000000408      0x1c0 ./Drivers/STM32F1xx_HAL_Driver/Src/stm32f1xx_hal_spi.o
 .debug_ranges  0x00000000000005c8      0x228 ./Drivers/STM32F1xx_HAL_Driver/Src/stm32f1xx_hal_uart.o

.debug_macro    0x0000000000000000    0x16900
 .debug_macro   0x0000000000000000      0x1bd ./Core/Src/NRF24l01.o
 .debug_macro   0x00000000000001bd      0xa6c ./Core/Src/NRF24l01.o
 .debug_macro   0x0000000000000c29      0x21b ./Core/Src/NRF24l01.o
 .debug_macro   0x0000000000000e44       0x2e ./Core/Src/NRF24l01.o
 .debug_macro   0x0000000000000e72       0x22 ./Core/Src/NRF24l01.o
 .debug_macro   0x0000000000000e94       0x22 ./Core/Src/NRF24l01.o
 .debug_macro   0x0000000000000eb6       0x8e ./Core/Src/NRF24l01.o
 .debug_macro   0x0000000000000f44       0x51 ./Core/Src/NRF24l01.o
 .debug_macro   0x0000000000000f95      0x103 ./Core/Src/NRF24l01.o
 .debug_macro   0x0000000000001098       0x6a ./Core/Src/NRF24l01.o
 .debug_macro   0x0000000000001102      0x1df ./Core/Src/NRF24l01.o
 .debug_macro   0x00000000000012e1       0x1c ./Core/Src/NRF24l01.o
 .debug_macro   0x00000000000012fd       0x22 ./Core/Src/NRF24l01.o
 .debug_macro   0x000000000000131f       0xbd ./Core/Src/NRF24l01.o
 .debug_macro   0x00000000000013dc      0xd23 ./Core/Src/NRF24l01.o
 .debug_macro   0x00000000000020ff     0xde75 ./Core/Src/NRF24l01.o
 .debug_macro   0x000000000000ff74       0x6d ./Core/Src/NRF24l01.o
 .debug_macro   0x000000000000ffe1     0x348d ./Core/Src/NRF24l01.o
 .debug_macro   0x000000000001346e      0x174 ./Core/Src/NRF24l01.o
 .debug_macro   0x00000000000135e2       0x5c ./Core/Src/NRF24l01.o
 .debug_macro   0x000000000001363e      0x5bc ./Core/Src/NRF24l01.o
 .debug_macro   0x0000000000013bfa      0x1b7 ./Core/Src/NRF24l01.o
 .debug_macro   0x0000000000013db1      0x1cb ./Core/Src/NRF24l01.o
 .debug_macro   0x0000000000013f7c      0x114 ./Core/Src/NRF24l01.o
 .debug_macro   0x0000000000014090      0x1b2 ./Core/Src/NRF24l01.o
 .debug_macro   0x0000000000014242       0x27 ./Core/Src/NRF24l01.o
 .debug_macro   0x0000000000014269      0x12f ./Core/Src/NRF24l01.o
 .debug_macro   0x0000000000014398      0x1bc ./Core/Src/NRF24l01.o
 .debug_macro   0x0000000000014554       0x34 ./Core/Src/NRF24l01.o
 .debug_macro   0x0000000000014588       0x3c ./Core/Src/NRF24l01.o
 .debug_macro   0x00000000000145c4       0x57 ./Core/Src/NRF24l01.o
 .debug_macro   0x000000000001461b       0x87 ./Core/Src/NRF24l01.o
 .debug_macro   0x00000000000146a2      0x183 ./Core/Src/NRF24l01.o
 .debug_macro   0x0000000000014825      0x140 ./Core/Src/NRF24l01.o
 .debug_macro   0x0000000000014965      0x217 ./Core/Src/NRF24l01.o
 .debug_macro   0x0000000000014b7c      0x28e ./Core/Src/NRF24l01.o
 .debug_macro   0x0000000000014e0a       0x69 ./Core/Src/NRF24l01.o
 .debug_macro   0x0000000000014e73       0xee ./Core/Src/NRF24l01.o
 .debug_macro   0x0000000000014f61      0x277 ./Core/Src/main.o
 .debug_macro   0x00000000000151d8       0xee ./Core/Src/main.o
 .debug_macro   0x00000000000152c6       0x52 ./Core/Src/main.o
 .debug_macro   0x0000000000015318       0x18 ./Core/Src/main.o
 .debug_macro   0x0000000000015330       0x3c ./Core/Src/main.o
 .debug_macro   0x000000000001536c       0x34 ./Core/Src/main.o
 .debug_macro   0x00000000000153a0       0x16 ./Core/Src/main.o
 .debug_macro   0x00000000000153b6       0x43 ./Core/Src/main.o
 .debug_macro   0x00000000000153f9       0x34 ./Core/Src/main.o
 .debug_macro   0x000000000001542d       0x10 ./Core/Src/main.o
 .debug_macro   0x000000000001543d       0x58 ./Core/Src/main.o
 .debug_macro   0x0000000000015495       0x71 ./Core/Src/main.o
 .debug_macro   0x0000000000015506       0x1c ./Core/Src/main.o
 .debug_macro   0x0000000000015522      0x12a ./Core/Src/main.o
 .debug_macro   0x000000000001564c      0x341 ./Core/Src/main.o
 .debug_macro   0x000000000001598d       0x10 ./Core/Src/main.o
 .debug_macro   0x000000000001599d       0x35 ./Core/Src/main.o
 .debug_macro   0x00000000000159d2       0x20 ./Core/Src/main.o
 .debug_macro   0x00000000000159f2      0x1a0 ./Core/Src/stm32f1xx_hal_msp.o
 .debug_macro   0x0000000000015b92      0x1aa ./Core/Src/stm32f1xx_it.o
 .debug_macro   0x0000000000015d3c      0x196 ./Core/Src/system_stm32f1xx.o
 .debug_macro   0x0000000000015ed2      0x1ba ./Drivers/STM32F1xx_HAL_Driver/Src/stm32f1xx_hal.o
 .debug_macro   0x000000000001608c      0x196 ./Drivers/STM32F1xx_HAL_Driver/Src/stm32f1xx_hal_cortex.o
 .debug_macro   0x0000000000016222      0x201 ./Drivers/STM32F1xx_HAL_Driver/Src/stm32f1xx_hal_gpio.o
 .debug_macro   0x0000000000016423      0x1a8 ./Drivers/STM32F1xx_HAL_Driver/Src/stm32f1xx_hal_rcc.o
 .debug_macro   0x00000000000165cb      0x19e ./Drivers/STM32F1xx_HAL_Driver/Src/stm32f1xx_hal_spi.o
 .debug_macro   0x0000000000016769      0x197 ./Drivers/STM32F1xx_HAL_Driver/Src/stm32f1xx_hal_uart.o

.debug_line     0x0000000000000000     0x9647
 .debug_line    0x0000000000000000      0x957 ./Core/Src/NRF24l01.o
 .debug_line    0x0000000000000957      0x8f9 ./Core/Src/main.o
 .debug_line    0x0000000000001250      0x705 ./Core/Src/stm32f1xx_hal_msp.o
 .debug_line    0x0000000000001955      0x722 ./Core/Src/stm32f1xx_it.o
 .debug_line    0x0000000000002077      0x6de ./Core/Src/system_stm32f1xx.o
 .debug_line    0x0000000000002755       0x86 ./Core/Startup/startup_stm32f103c6tx.o
 .debug_line    0x00000000000027db      0x90b ./Drivers/STM32F1xx_HAL_Driver/Src/stm32f1xx_hal.o
 .debug_line    0x00000000000030e6      0xaf3 ./Drivers/STM32F1xx_HAL_Driver/Src/stm32f1xx_hal_cortex.o
 .debug_line    0x0000000000003bd9      0x98f ./Drivers/STM32F1xx_HAL_Driver/Src/stm32f1xx_hal_gpio.o
 .debug_line    0x0000000000004568      0xd17 ./Drivers/STM32F1xx_HAL_Driver/Src/stm32f1xx_hal_rcc.o
 .debug_line    0x000000000000527f     0x1b8c ./Drivers/STM32F1xx_HAL_Driver/Src/stm32f1xx_hal_spi.o
 .debug_line    0x0000000000006e0b     0x283c ./Drivers/STM32F1xx_HAL_Driver/Src/stm32f1xx_hal_uart.o

.debug_str      0x0000000000000000    0x80a04
 .debug_str     0x0000000000000000    0x7bcd2 ./Core/Src/NRF24l01.o
                                      0x7c086 (size before relaxing)
 .debug_str     0x000000000007bcd2     0x3203 ./Core/Src/main.o
                                      0x7f0f2 (size before relaxing)
 .debug_str     0x000000000007eed5       0x8d ./Core/Src/stm32f1xx_hal_msp.o
                                      0x7be81 (size before relaxing)
 .debug_str     0x000000000007ef62       0xc9 ./Core/Src/stm32f1xx_it.o
                                      0x7b894 (size before relaxing)
 .debug_str     0x000000000007f02b       0x7e ./Core/Src/system_stm32f1xx.o
                                      0x7b8aa (size before relaxing)
 .debug_str     0x000000000007f0a9       0x36 ./Core/Startup/startup_stm32f103c6tx.o
                                         0x77 (size before relaxing)
 .debug_str     0x000000000007f0df      0x5c3 ./Drivers/STM32F1xx_HAL_Driver/Src/stm32f1xx_hal.o
                                      0x7bfa3 (size before relaxing)
 .debug_str     0x000000000007f6a2      0x2c5 ./Drivers/STM32F1xx_HAL_Driver/Src/stm32f1xx_hal_cortex.o
                                      0x7beef (size before relaxing)
 .debug_str     0x000000000007f967      0x30a ./Drivers/STM32F1xx_HAL_Driver/Src/stm32f1xx_hal_gpio.o
                                      0x7bc30 (size before relaxing)
 .debug_str     0x000000000007fc71      0x229 ./Drivers/STM32F1xx_HAL_Driver/Src/stm32f1xx_hal_rcc.o
                                      0x7bcd9 (size before relaxing)
 .debug_str     0x000000000007fe9a      0x550 ./Drivers/STM32F1xx_HAL_Driver/Src/stm32f1xx_hal_spi.o
                                      0x7c1d6 (size before relaxing)
 .debug_str     0x00000000000803ea      0x61a ./Drivers/STM32F1xx_HAL_Driver/Src/stm32f1xx_hal_uart.o
                                      0x7c34a (size before relaxing)

.comment        0x0000000000000000       0x50
 .comment       0x0000000000000000       0x50 ./Core/Src/NRF24l01.o
                                         0x51 (size before relaxing)
 .comment       0x0000000000000050       0x51 ./Core/Src/main.o
 .comment       0x0000000000000050       0x51 ./Core/Src/stm32f1xx_hal_msp.o
 .comment       0x0000000000000050       0x51 ./Core/Src/stm32f1xx_it.o
 .comment       0x0000000000000050       0x51 ./Core/Src/system_stm32f1xx.o
 .comment       0x0000000000000050       0x51 ./Drivers/STM32F1xx_HAL_Driver/Src/stm32f1xx_hal.o
 .comment       0x0000000000000050       0x51 ./Drivers/STM32F1xx_HAL_Driver/Src/stm32f1xx_hal_cortex.o
 .comment       0x0000000000000050       0x51 ./Drivers/STM32F1xx_HAL_Driver/Src/stm32f1xx_hal_gpio.o
 .comment       0x0000000000000050       0x51 ./Drivers/STM32F1xx_HAL_Driver/Src/stm32f1xx_hal_rcc.o
 .comment       0x0000000000000050       0x51 ./Drivers/STM32F1xx_HAL_Driver/Src/stm32f1xx_hal_spi.o
 .comment       0x0000000000000050       0x51 ./Drivers/STM32F1xx_HAL_Driver/Src/stm32f1xx_hal_uart.o

.debug_frame    0x0000000000000000     0x21ac
 .debug_frame   0x0000000000000000      0x250 ./Core/Src/NRF24l01.o
 .debug_frame   0x0000000000000250       0xc4 ./Core/Src/main.o
 .debug_frame   0x0000000000000314       0xc8 ./Core/Src/stm32f1xx_hal_msp.o
 .debug_frame   0x00000000000003dc      0x104 ./Core/Src/stm32f1xx_it.o
 .debug_frame   0x00000000000004e0       0x58 ./Core/Src/system_stm32f1xx.o
 .debug_frame   0x0000000000000538      0x334 ./Drivers/STM32F1xx_HAL_Driver/Src/stm32f1xx_hal.o
 .debug_frame   0x000000000000086c      0x428 ./Drivers/STM32F1xx_HAL_Driver/Src/stm32f1xx_hal_cortex.o
 .debug_frame   0x0000000000000c94      0x14c ./Drivers/STM32F1xx_HAL_Driver/Src/stm32f1xx_hal_gpio.o
 .debug_frame   0x0000000000000de0      0x218 ./Drivers/STM32F1xx_HAL_Driver/Src/stm32f1xx_hal_rcc.o
 .debug_frame   0x0000000000000ff8      0x824 ./Drivers/STM32F1xx_HAL_Driver/Src/stm32f1xx_hal_spi.o
 .debug_frame   0x000000000000181c      0x944 ./Drivers/STM32F1xx_HAL_Driver/Src/stm32f1xx_hal_uart.o
 .debug_frame   0x0000000000002160       0x2c c:/st/stm32cubeide_1.12.0/stm32cubeide/plugins/com.st.stm32cube.ide.mcu.externaltools.gnu-tools-for-stm32.10.3-2021.10.win32_1.0.200.202301161003/tools/bin/../lib/gcc/arm-none-eabi/10.3.1/../../../../arm-none-eabi/lib/thumb/v7-m/nofp\libc_nano.a(lib_a-init.o)
 .debug_frame   0x000000000000218c       0x20 c:/st/stm32cubeide_1.12.0/stm32cubeide/plugins/com.st.stm32cube.ide.mcu.externaltools.gnu-tools-for-stm32.10.3-2021.10.win32_1.0.200.202301161003/tools/bin/../lib/gcc/arm-none-eabi/10.3.1/../../../../arm-none-eabi/lib/thumb/v7-m/nofp\libc_nano.a(lib_a-memset.o)
